Startpoint: rst (input port clocked by clk)
Endpoint: _240_ (rising edge-triggered flip-flop clocked by clk)
Path Group: clk
Path Type: max

  Delay    Time   Description
---------------------------------------------------------
   0.00    0.00   clock clk (rise edge)
   0.00    0.00   clock network delay (ideal)
   4.00    4.00 v input external delay
   0.00    4.00 v rst (in)
   0.39    4.39 ^ _128_/Y (sky130_fd_sc_hd__nor2_1)
   0.36    4.75 v _129_/X (sky130_fd_sc_hd__mux2_1)
   0.00    4.75 v _240_/D (sky130_fd_sc_hd__dfxtp_1)
           4.75   data arrival time

  20.00   20.00   clock clk (rise edge)
   0.00   20.00   clock network delay (ideal)
   0.00   20.00   clock reconvergence pessimism
          20.00 ^ _240_/CLK (sky130_fd_sc_hd__dfxtp_1)
  -0.12   19.88   library setup time
          19.88   data required time
---------------------------------------------------------
          19.88   data required time
          -4.75   data arrival time
---------------------------------------------------------
          15.13   slack (MET)


worst slack max 15.13
Startpoint: _242_ (rising edge-triggered flip-flop clocked by clk)
Endpoint: _242_ (rising edge-triggered flip-flop clocked by clk)
Path Group: clk
Path Type: min

  Delay    Time   Description
---------------------------------------------------------
   0.00    0.00   clock clk (rise edge)
   0.00    0.00   clock network delay (ideal)
   0.00    0.00 ^ _242_/CLK (sky130_fd_sc_hd__dfxtp_1)
   0.29    0.29 ^ _242_/Q (sky130_fd_sc_hd__dfxtp_1)
   0.11    0.39 ^ _131_/X (sky130_fd_sc_hd__mux2_1)
   0.00    0.39 ^ _242_/D (sky130_fd_sc_hd__dfxtp_1)
           0.39   data arrival time

   0.00    0.00   clock clk (rise edge)
   0.00    0.00   clock network delay (ideal)
   0.00    0.00   clock reconvergence pessimism
           0.00 ^ _242_/CLK (sky130_fd_sc_hd__dfxtp_1)
  -0.03   -0.03   library hold time
          -0.03   data required time
---------------------------------------------------------
          -0.03   data required time
          -0.39   data arrival time
---------------------------------------------------------
           0.43   slack (MET)


worst slack min 0.43
