OpenROAD 26Q3-1297-gcbc7678e45 
Features included (+) or not (-): +GPU -GUI +Python
This program is licensed under the BSD-3 license. See the LICENSE file for details.
Components of this program may be licensed under more restrictive licenses which must be honored.
[INFO ODB-0227] LEF file: /home/daksh/pdk/sky130A/sky130_fd_sc_hd/techlef/sky130_fd_sc_hd__nom.tlef, created 14 layers, 25 vias
[WARNING ODB-0220] WARNING (LEFPARS-2008): NOWIREEXTENSIONATPIN statement is obsolete in version 5.6 or later.
The NOWIREEXTENSIONATPIN statement will be ignored. See file /home/daksh/pdk/sky130A/sky130_fd_sc_hd/lef/sky130_fd_sc_hd.lef at line 2.

[INFO ODB-0227] LEF file: /home/daksh/pdk/sky130A/sky130_fd_sc_hd/lef/sky130_fd_sc_hd.lef, created 437 library cells
[INFO ODB-0127] Reading DEF file: uart_placed.def
[INFO ODB-0128] Design: UART
[INFO ODB-0130]     Created 13 pins.
[INFO ODB-0131]     Created 151 components and 1177 component-terminals.
[INFO ODB-0132]     Created 2 special nets and 302 connections.
[INFO ODB-0133]     Created 162 nets and 573 connections.
[INFO ODB-0134] Finished DEF file: uart_placed.def
[INFO TAP-0005] Inserted 30 tapcells.
[INFO DPL-0006] Core area: 2522.42 um^2
[INFO DPL-0007] Movable instances area: 1363.81 um^2
[INFO DPL-0008] Fixed instances area within core: 37.54 um^2
[INFO DPL-0009] Utilization: 55.6%
[INFO DPL-0005] Diamond search max displacement: +/- 500 sites horizontally, +/- 100 rows vertically.
[INFO DPL-1102] Legalizing using negotiation legalizer.
[INFO DPL-1103] Negotiation base search window: +/-20 sites horizontally, +/-5 rows vertically 
	Automatic search window extension enabled.
	Search window extendable up to the max displacement cap of +/-500 sites, +/-100 rows near walls.
[INFO DPL-1104] NegotiationLegalizer DRC penalty: 5.
[INFO DPL-0392] Negotiation cell height distribution (1 unique row-count(s)):
[INFO DPL-0393]   height 1 row(s): 181 cells
          |      Total |  Illegal |  Illegal
Iteration | Violations |    Cells |    Sites
---------------------------------------------
        0 |          0 |         0 |         0
Negotiation phase 1 converged at iteration 0.
[INFO DPL-0500] Runtime: 0.00s
Placement Analysis
---------------------------------
total displacement         38.8 u
average displacement        0.2 u
max displacement            5.4 u
original HPWL            2088.4 u
legalized HPWL           2157.1 u
delta HPWL                    3 %

[INFO DPL-0001] Placed 263 filler instances.
=== tapfill DEF written ===
