OpenROAD 26Q3-1297-gcbc7678e45 
Features included (+) or not (-): +GPU -GUI +Python
This program is licensed under the BSD-3 license. See the LICENSE file for details.
Components of this program may be licensed under more restrictive licenses which must be honored.
[INFO ODB-0227] LEF file: /home/daksh/pdk/sky130A/sky130_fd_sc_hd/techlef/sky130_fd_sc_hd__nom.tlef, created 14 layers, 25 vias
[WARNING ODB-0220] WARNING (LEFPARS-2008): NOWIREEXTENSIONATPIN statement is obsolete in version 5.6 or later.
The NOWIREEXTENSIONATPIN statement will be ignored. See file /home/daksh/pdk/sky130A/sky130_fd_sc_hd/lef/sky130_fd_sc_hd.lef at line 2.

[INFO ODB-0227] LEF file: /home/daksh/pdk/sky130A/sky130_fd_sc_hd/lef/sky130_fd_sc_hd.lef, created 437 library cells
[INFO ODB-0127] Reading DEF file: ../pnr/uart_placed_tapfill.def
[INFO ODB-0128] Design: UART
[INFO ODB-0130]     Created 13 pins.
[INFO ODB-0131]     Created 444 components and 2289 component-terminals.
[INFO ODB-0132]     Created 2 special nets and 302 connections.
[INFO ODB-0133]     Created 162 nets and 573 connections.
[INFO ODB-0134] Finished DEF file: ../pnr/uart_placed_tapfill.def
[INFO CTS-0050] Root buffer is sky130_fd_sc_hd__clkbuf_4.
[INFO CTS-0051] Sink buffer is sky130_fd_sc_hd__clkbuf_1.
[INFO CTS-0052] The following clock buffers will be used for CTS:
                    sky130_fd_sc_hd__clkbuf_1
                    sky130_fd_sc_hd__clkbuf_2
                    sky130_fd_sc_hd__clkbuf_4
                    sky130_fd_sc_hd__clkbuf_8
[INFO CTS-0049] Characterization buffer is sky130_fd_sc_hd__clkbuf_8.
[INFO CTS-0007] Net "clk" found for clock "clk".
[INFO CTS-0010]  Clock net "clk" has 31 sinks.
[INFO CTS-0008] TritonCTS found 1 clock nets.
[INFO CTS-0097] Characterization used 4 buffer(s) types.
[INFO CTS-0201] 0 blockages from hard placement blockages and placed macros will be used.
[INFO CTS-0027] Generating H-Tree topology for net clk.
[INFO CTS-0028]  Total number of sinks: 31.
[INFO CTS-0090]  Sinks will be clustered based on buffer max cap.
[INFO CTS-0030]  Number of static layers: 0.
[INFO CTS-0020]  Wire segment unit: 13600  dbu (13 um).
[INFO CTS-0023]  Original sink region: [(3485, 4020), (45345, 47540)].
[INFO CTS-0024]  Normalized sink region: [(0.25625, 0.295588), (3.33419, 3.49559)].
[INFO CTS-0025]     Width:  3.0779.
[INFO CTS-0026]     Height: 3.2000.
 Level 1
    Direction: Vertical
    Sinks per sub-region: 16
    Sub-region size: 3.0779 X 1.6000
[INFO CTS-0034]     Segment length (rounded): 1.
 Level 2
    Direction: Horizontal
    Sinks per sub-region: 8
    Sub-region size: 1.5390 X 1.6000
[INFO CTS-0034]     Segment length (rounded): 1.
[INFO CTS-0032]  Stop criterion found. Max number of sinks is 15.
[INFO CTS-0035]  Number of sinks covered: 31.
[INFO CTS-0018]     Created 5 clock buffers.
[INFO CTS-0012]     Minimum number of buffers in the clock path: 2.
[INFO CTS-0013]     Maximum number of buffers in the clock path: 2.
[INFO CTS-0015]     Created 5 clock nets.
[INFO CTS-0016]     Fanout distribution for the current clock = 7:1, 8:3..
[INFO CTS-0017]     Max level of the clock tree: 2.
[INFO CTS-0098] Clock net "clk"
[INFO CTS-0099]  Sinks 32
[INFO CTS-0100]  Leaf buffers 0
[INFO CTS-0101]  Average sink wire length 67.66 um
[INFO CTS-0102]  Path depth 2 - 2
[INFO CTS-0207]  Dummy loads inserted 1
[INFO CTS-0500] Runtime: 4.80s
[INFO DPL-0006] Core area: 2522.42 um^2
[INFO DPL-0007] Movable instances area: 1405.10 um^2
[INFO DPL-0008] Fixed instances area within core: 37.54 um^2
[INFO DPL-0009] Utilization: 57.2%
[INFO DPL-0005] Diamond search max displacement: +/- 500 sites horizontally, +/- 100 rows vertically.
[INFO DPL-1102] Legalizing using negotiation legalizer.
[INFO DPL-1103] Negotiation base search window: +/-20 sites horizontally, +/-5 rows vertically 
	Automatic search window extension enabled.
	Search window extendable up to the max displacement cap of +/-500 sites, +/-100 rows near walls.
[INFO DPL-1104] NegotiationLegalizer DRC penalty: 5.
[INFO DPL-0392] Negotiation cell height distribution (1 unique row-count(s)):
[INFO DPL-0393]   height 1 row(s): 187 cells
          |      Total |  Illegal |  Illegal
Iteration | Violations |    Cells |    Sites
---------------------------------------------
        0 |          6 |         2 |         4
        1 |          0 |         0 |         0
Negotiation phase 1 converged at iteration 1.
[INFO DPL-0500] Runtime: 0.00s
Placement Analysis
---------------------------------
total displacement         23.8 u
average displacement        0.1 u
max displacement            6.5 u
original HPWL            2305.3 u
legalized HPWL           2320.1 u
delta HPWL                    1 %

[INFO DPL-0001] Placed 260 filler instances.
Clock clk
   0.26 source latency _250_/CLK ^
  -0.26 target latency _257_/CLK ^
   0.00 CRPR
--------------
   0.00 setup skew

worst slack max 15.40
worst slack min 0.44
Design area 1443 um^2 57% utilization.
=== CTS (tapfill) done ===
