OpenROAD 26Q3-1297-gcbc7678e45 
Features included (+) or not (-): +GPU -GUI +Python
This program is licensed under the BSD-3 license. See the LICENSE file for details.
Components of this program may be licensed under more restrictive licenses which must be honored.
[INFO ODB-0227] LEF file: /home/daksh/pdk/sky130A/sky130_fd_sc_hd/techlef/sky130_fd_sc_hd__nom.tlef, created 14 layers, 25 vias
[WARNING ODB-0220] WARNING (LEFPARS-2008): NOWIREEXTENSIONATPIN statement is obsolete in version 5.6 or later.
The NOWIREEXTENSIONATPIN statement will be ignored. See file /home/daksh/pdk/sky130A/sky130_fd_sc_hd/lef/sky130_fd_sc_hd.lef at line 2.

[INFO ODB-0227] LEF file: /home/daksh/pdk/sky130A/sky130_fd_sc_hd/lef/sky130_fd_sc_hd.lef, created 437 library cells
[INFO ODB-0127] Reading DEF file: ../pnr/uart_cts_tapfill.def
[INFO ODB-0128] Design: UART
[INFO ODB-0130]     Created 13 pins.
[INFO ODB-0131]     Created 447 components and 2313 component-terminals.
[INFO ODB-0132]     Created 2 special nets and 1728 connections.
[INFO ODB-0133]     Created 167 nets and 584 connections.
[INFO ODB-0134] Finished DEF file: ../pnr/uart_cts_tapfill.def
Design area 1443 um^2 57% utilization.
[INFO DRT-0149] Reading tech and libs.
[WARNING DRT-0349] LEF58_ENCLOSURE with no CUTCLASS is not supported. Skipping for layer mcon
[WARNING DRT-0349] LEF58_ENCLOSURE with no CUTCLASS is not supported. Skipping for layer mcon
[WARNING DRT-0349] LEF58_ENCLOSURE with no CUTCLASS is not supported. Skipping for layer via
[WARNING DRT-0349] LEF58_ENCLOSURE with no CUTCLASS is not supported. Skipping for layer via
[WARNING DRT-0349] LEF58_ENCLOSURE with no CUTCLASS is not supported. Skipping for layer via2
[WARNING DRT-0349] LEF58_ENCLOSURE with no CUTCLASS is not supported. Skipping for layer via2
[WARNING DRT-0349] LEF58_ENCLOSURE with no CUTCLASS is not supported. Skipping for layer via3
[WARNING DRT-0349] LEF58_ENCLOSURE with no CUTCLASS is not supported. Skipping for layer via3
[WARNING DRT-0349] LEF58_ENCLOSURE with no CUTCLASS is not supported. Skipping for layer via4
[WARNING DRT-0349] LEF58_ENCLOSURE with no CUTCLASS is not supported. Skipping for layer via4

Units:                1000
Number of layers:     13
Number of macros:     437
Number of vias:       28
Number of viarulegen: 25

[INFO DRT-0150] Reading design.

Design:                   UART
Die area:                 ( 0 0 ) ( 56225 56225 )
Number of track patterns: 12
Number of DEF vias:       0
Number of components:     447
Number of terminals:      13
Number of snets:          2
Number of nets:           167

[INFO DRT-0167] List of default vias:
  Layer via
    default via: M1M2_PR
  Layer via2
    default via: M2M3_PR
  Layer via3
    default via: M3M4_PR
  Layer via4
    default via: M4M5_PR
[INFO DRT-0162] Library cell analysis.
[INFO DRT-0163] Instance analysis.
[INFO DRT-0164] Number of unique instances = 55.
[INFO DRT-0168] Init region query.
[INFO DRT-0024]   Complete FR_MASTERSLICE.
[INFO DRT-0024]   Complete licon.
[INFO DRT-0024]   Complete li1.
[INFO DRT-0024]   Complete mcon.
[INFO DRT-0024]   Complete met1.
[INFO DRT-0024]   Complete via.
[INFO DRT-0024]   Complete met2.
[INFO DRT-0024]   Complete via2.
[INFO DRT-0024]   Complete met3.
[INFO DRT-0024]   Complete via3.
[INFO DRT-0024]   Complete met4.
[INFO DRT-0024]   Complete via4.
[INFO DRT-0024]   Complete met5.
[INFO DRT-0033] FR_MASTERSLICE shape region query size = 0.
[INFO DRT-0033] licon shape region query size = 0.
[INFO DRT-0033] li1 shape region query size = 4965.
[INFO DRT-0033] mcon shape region query size = 0.
[INFO DRT-0033] met1 shape region query size = 1241.
[INFO DRT-0033] via shape region query size = 48.
[INFO DRT-0033] met2 shape region query size = 109.
[INFO DRT-0033] via2 shape region query size = 48.
[INFO DRT-0033] met3 shape region query size = 144.
[INFO DRT-0033] via3 shape region query size = 48.
[INFO DRT-0033] met4 shape region query size = 53.
[INFO DRT-0033] via4 shape region query size = 0.
[INFO DRT-0033] met5 shape region query size = 0.
[INFO DRT-0165] Start pin access.
[INFO DRT-0078]   Complete 400 pins.
[INFO DRT-0081]   Complete 55 unique inst patterns.
[INFO DRT-0084]   Complete 107 groups.
#scanned instances     = 447
#unique  instances     = 55
#stdCellGenAp          = 1389
#stdCellValidPlanarAp  = 14
#stdCellValidViaAp     = 1143
#stdCellPinNoAp        = 0
#stdCellPinCnt         = 584
#instTermValidViaApCnt = 0
#macroGenAp            = 0
#macroValidPlanarAp    = 0
#macroValidViaAp       = 0
#macroNoAp             = 0
[INFO DRT-0166] Complete pin access.
[INFO DRT-0267] cpu time = 00:00:05, elapsed time = 00:00:05, memory = 210.16 (MB), peak = 214.49 (MB)

[INFO DRT-0157] Number of guides:     1208

[INFO DRT-0169] Post process guides.
[INFO DRT-0176] GCELLGRID X 0 DO 8 STEP 6900 ;
[INFO DRT-0177] GCELLGRID Y 0 DO 8 STEP 6900 ;
[INFO DRT-0028]   Complete FR_MASTERSLICE.
[INFO DRT-0028]   Complete licon.
[INFO DRT-0028]   Complete li1.
[INFO DRT-0028]   Complete mcon.
[INFO DRT-0028]   Complete met1.
[INFO DRT-0028]   Complete via.
[INFO DRT-0028]   Complete met2.
[INFO DRT-0028]   Complete via2.
[INFO DRT-0028]   Complete met3.
[INFO DRT-0028]   Complete via3.
[INFO DRT-0028]   Complete met4.
[INFO DRT-0028]   Complete via4.
[INFO DRT-0028]   Complete met5.
[INFO DRT-0178] Init guide query.
[INFO DRT-0035]   Complete FR_MASTERSLICE (guide).
[INFO DRT-0035]   Complete licon (guide).
[INFO DRT-0035]   Complete li1 (guide).
[INFO DRT-0035]   Complete mcon (guide).
[INFO DRT-0035]   Complete met1 (guide).
[INFO DRT-0035]   Complete via (guide).
[INFO DRT-0035]   Complete met2 (guide).
[INFO DRT-0035]   Complete via2 (guide).
[INFO DRT-0035]   Complete met3 (guide).
[INFO DRT-0035]   Complete via3 (guide).
[INFO DRT-0035]   Complete met4 (guide).
[INFO DRT-0035]   Complete via4 (guide).
[INFO DRT-0035]   Complete met5 (guide).
[INFO DRT-0036] FR_MASTERSLICE guide region query size = 0.
[INFO DRT-0036] licon guide region query size = 0.
[INFO DRT-0036] li1 guide region query size = 447.
[INFO DRT-0036] mcon guide region query size = 0.
[INFO DRT-0036] met1 guide region query size = 353.
[INFO DRT-0036] via guide region query size = 0.
[INFO DRT-0036] met2 guide region query size = 166.
[INFO DRT-0036] via2 guide region query size = 0.
[INFO DRT-0036] met3 guide region query size = 3.
[INFO DRT-0036] via3 guide region query size = 0.
[INFO DRT-0036] met4 guide region query size = 1.
[INFO DRT-0036] via4 guide region query size = 0.
[INFO DRT-0036] met5 guide region query size = 0.
[INFO DRT-0179] Init gr pin query.
[INFO DRT-0267] cpu time = 00:00:00, elapsed time = 00:00:00, memory = 210.47 (MB), peak = 214.49 (MB)
[INFO DRT-0245] skipped writing guide updates to database.
[INFO DRT-0181] Start track assignment.
[INFO DRT-0184] Done with 614 vertical wires in 1 frboxes and 356 horizontal wires in 1 frboxes.
[INFO DRT-0186] Done with 52 vertical wires in 1 frboxes and 107 horizontal wires in 1 frboxes.
[INFO DRT-0182] Complete track assignment.
[INFO DRT-0267] cpu time = 00:00:00, elapsed time = 00:00:00, memory = 212.03 (MB), peak = 214.49 (MB)
[INFO DRT-0187] Start routing data preparation.
[INFO DRT-0267] cpu time = 00:00:00, elapsed time = 00:00:00, memory = 212.03 (MB), peak = 214.49 (MB)
[INFO DRT-0194] Start detail routing.
[INFO DRT-0195] Start 0th optimization iteration.
    Completing 20% with 0 violations.
    elapsed time = 00:00:03, memory = 228.61 (MB).
    Completing 50% with 28 violations.
    elapsed time = 00:00:03, memory = 228.61 (MB).
    Completing 70% with 28 violations.
    elapsed time = 00:00:03, memory = 228.61 (MB).
    Completing 100% with 31 violations.
    elapsed time = 00:00:03, memory = 228.61 (MB).
[INFO DRT-0199]   Number of violations = 40.
Viol/Layer        met1   met2
Metal Spacing       11      0
Recheck              6      3
Short               20      0
[INFO DRT-0267] cpu time = 00:00:02, elapsed time = 00:00:04, memory = 575.18 (MB), peak = 575.18 (MB)
Total wire length = 3016 um.
Total wire length on LAYER li1 = 0 um.
Total wire length on LAYER met1 = 1517 um.
Total wire length on LAYER met2 = 1449 um.
Total wire length on LAYER met3 = 49 um.
Total wire length on LAYER met4 = 0 um.
Total wire length on LAYER met5 = 0 um.
Total number of vias = 1190.
Up-via summary (total 1190):

-----------------------
 FR_MASTERSLICE       0
            li1     589
           met1     592
           met2       9
           met3       0
           met4       0
-----------------------
               1190


[INFO DRT-0195] Start 1st optimization iteration.
    Completing 20% with 40 violations.
    elapsed time = 00:00:00, memory = 575.18 (MB).
    Completing 50% with 40 violations.
    elapsed time = 00:00:01, memory = 575.18 (MB).
    Completing 70% with 28 violations.
    elapsed time = 00:00:01, memory = 575.18 (MB).
    Completing 100% with 22 violations.
    elapsed time = 00:00:01, memory = 575.18 (MB).
[INFO DRT-0199]   Number of violations = 22.
Viol/Layer        met1
Metal Spacing        7
Short               15
[INFO DRT-0267] cpu time = 00:00:01, elapsed time = 00:00:01, memory = 575.33 (MB), peak = 575.33 (MB)
Total wire length = 2972 um.
Total wire length on LAYER li1 = 0 um.
Total wire length on LAYER met1 = 1499 um.
Total wire length on LAYER met2 = 1420 um.
Total wire length on LAYER met3 = 53 um.
Total wire length on LAYER met4 = 0 um.
Total wire length on LAYER met5 = 0 um.
Total number of vias = 1183.
Up-via summary (total 1183):

-----------------------
 FR_MASTERSLICE       0
            li1     590
           met1     582
           met2      11
           met3       0
           met4       0
-----------------------
               1183


[INFO DRT-0195] Start 2nd optimization iteration.
    Completing 20% with 22 violations.
    elapsed time = 00:00:00, memory = 575.33 (MB).
    Completing 50% with 22 violations.
    elapsed time = 00:00:00, memory = 575.33 (MB).
    Completing 70% with 20 violations.
    elapsed time = 00:00:00, memory = 575.33 (MB).
    Completing 100% with 19 violations.
    elapsed time = 00:00:02, memory = 575.33 (MB).
[INFO DRT-0199]   Number of violations = 19.
Viol/Layer        met1   met2
Metal Spacing        6      7
Short                6      0
[INFO DRT-0267] cpu time = 00:00:02, elapsed time = 00:00:02, memory = 575.33 (MB), peak = 575.33 (MB)
Total wire length = 2938 um.
Total wire length on LAYER li1 = 0 um.
Total wire length on LAYER met1 = 1479 um.
Total wire length on LAYER met2 = 1411 um.
Total wire length on LAYER met3 = 47 um.
Total wire length on LAYER met4 = 0 um.
Total wire length on LAYER met5 = 0 um.
Total number of vias = 1176.
Up-via summary (total 1176):

-----------------------
 FR_MASTERSLICE       0
            li1     593
           met1     575
           met2       8
           met3       0
           met4       0
-----------------------
               1176


[INFO DRT-0195] Start 3rd guides tiles iteration.
    Completing 20% with 19 violations.
    elapsed time = 00:00:01, memory = 575.33 (MB).
    Completing 50% with 2 violations.
    elapsed time = 00:00:01, memory = 575.33 (MB).
    Completing 70% with 2 violations.
    elapsed time = 00:00:01, memory = 575.33 (MB).
    Completing 100% with 0 violations.
    elapsed time = 00:00:01, memory = 575.33 (MB).
[INFO DRT-0199]   Number of violations = 0.
[INFO DRT-0267] cpu time = 00:00:01, elapsed time = 00:00:01, memory = 575.33 (MB), peak = 575.33 (MB)
Total wire length = 2919 um.
Total wire length on LAYER li1 = 0 um.
Total wire length on LAYER met1 = 1388 um.
Total wire length on LAYER met2 = 1433 um.
Total wire length on LAYER met3 = 98 um.
Total wire length on LAYER met4 = 0 um.
Total wire length on LAYER met5 = 0 um.
Total number of vias = 1206.
Up-via summary (total 1206):

-----------------------
 FR_MASTERSLICE       0
            li1     592
           met1     593
           met2      21
           met3       0
           met4       0
-----------------------
               1206


[INFO DRT-0198] Complete detail routing.
Total wire length = 2919 um.
Total wire length on LAYER li1 = 0 um.
Total wire length on LAYER met1 = 1388 um.
Total wire length on LAYER met2 = 1433 um.
Total wire length on LAYER met3 = 98 um.
Total wire length on LAYER met4 = 0 um.
Total wire length on LAYER met5 = 0 um.
Total number of vias = 1206.
Up-via summary (total 1206):

-----------------------
 FR_MASTERSLICE       0
            li1     592
           met1     593
           met2      21
           met3       0
           met4       0
-----------------------
               1206


[INFO DRT-0267] cpu time = 00:00:07, elapsed time = 00:00:09, memory = 575.33 (MB), peak = 575.33 (MB)

[INFO DRT-0180] Post processing.
[INFO DRT-0501] Runtime: 13.21s
[INFO RCX-0435] Reading extraction model file /home/daksh/pdk/sky130A/extraction_rules/rcx_patterns.rules ...
[INFO RCX-0434] Defined process_corner MinMax0 with ext_model_index 0 (using extRulesFile defaults)
[INFO RCX-0436] RC segment generation UART (max_merge_res 50.0) ...
[INFO RCX-0040] Final 689 rc segments
[INFO RCX-0439] Coupling Cap extraction UART ...
[INFO RCX-0440] Coupling threshhold is 0.1000 fF, coupling capacitance less than 0.1000 fF will be grounded.
[INFO RCX-0442] 53% of 1184 wires extracted
[INFO RCX-0442] 100% of 1184 wires extracted
[INFO RCX-0045] Extract 167 nets, 856 rsegs, 856 caps, 1282 ccs
[INFO RCX-0443] 167 nets finished
Design area 1443 um^2 57% utilization.
=== ROUTE (tapfill) done ===
