Warning 198: ../pnr/uart_routed_tapfill.v line 145, module sky130_fd_sc_hd__fill_4 not found. Creating black box for FILLER_0_0.
Warning 198: ../pnr/uart_routed_tapfill.v line 146, module sky130_fd_sc_hd__fill_2 not found. Creating black box for FILLER_0_109.
Warning 198: ../pnr/uart_routed_tapfill.v line 147, module sky130_fd_sc_hd__fill_1 not found. Creating black box for FILLER_0_111.
Warning 198: ../pnr/uart_routed_tapfill.v line 148, module sky130_fd_sc_hd__fill_8 not found. Creating black box for FILLER_0_21.
Warning 198: ../pnr/uart_routed_tapfill.v line 405, module sky130_fd_sc_hd__tapvpwrvgnd_1 not found. Creating black box for TAP_TAPCELL_ROW_0_0.
Startpoint: rst (input port clocked by clk)
Endpoint: _245_ (rising edge-triggered flip-flop clocked by clk)
Path Group: clk
Path Type: max

  Delay    Time   Description
---------------------------------------------------------
   0.00    0.00   clock clk (rise edge)
   0.00    0.00   clock network delay (ideal)
   4.00    4.00 v input external delay
   0.00    4.00 v rst (in)
   0.46    4.46 ^ _128_/Y (sky130_fd_sc_hd__nor2_1)
   0.38    4.85 v _134_/X (sky130_fd_sc_hd__mux2_1)
   0.00    4.85 v _245_/D (sky130_fd_sc_hd__dfxtp_1)
           4.85   data arrival time

  20.00   20.00   clock clk (rise edge)
   0.00   20.00   clock network delay (ideal)
   0.00   20.00   clock reconvergence pessimism
          20.00 ^ _245_/CLK (sky130_fd_sc_hd__dfxtp_1)
  -0.13   19.87   library setup time
          19.87   data required time
---------------------------------------------------------
          19.87   data required time
          -4.85   data arrival time
---------------------------------------------------------
          15.03   slack (MET)


worst slack max 15.03
Startpoint: _247_ (rising edge-triggered flip-flop clocked by clk)
Endpoint: _247_ (rising edge-triggered flip-flop clocked by clk)
Path Group: clk
Path Type: min

  Delay    Time   Description
---------------------------------------------------------
   0.00    0.00   clock clk (rise edge)
   0.00    0.00   clock network delay (ideal)
   0.00    0.00 ^ _247_/CLK (sky130_fd_sc_hd__dfxtp_1)
   0.29    0.29 ^ _247_/Q (sky130_fd_sc_hd__dfxtp_1)
   0.12    0.41 ^ _136_/X (sky130_fd_sc_hd__mux2_1)
   0.00    0.41 ^ _247_/D (sky130_fd_sc_hd__dfxtp_1)
           0.41   data arrival time

   0.00    0.00   clock clk (rise edge)
   0.00    0.00   clock network delay (ideal)
   0.00    0.00   clock reconvergence pessimism
           0.00 ^ _247_/CLK (sky130_fd_sc_hd__dfxtp_1)
  -0.04   -0.04   library hold time
          -0.04   data required time
---------------------------------------------------------
          -0.04   data required time
          -0.41   data arrival time
---------------------------------------------------------
           0.44   slack (MET)


worst slack min 0.44
Clock clk
   0.32 source latency _265_/CLK ^
  -0.31 target latency _241_/CLK ^
   0.00 CRPR
--------------
   0.00 setup skew

tns max 0.00
wns max 0.00
