Netgen 1.5.323 compiled on Mon Aug 17 11:20:38 UTC 2026
Warning: netgen command 'format' use fully-qualified name '::netgen::format'
Warning: netgen command 'global' use fully-qualified name '::netgen::global'
Call to undefined subcircuit sky130_fd_pr__pfet_01v8_hvt
Creating placeholder cell definition.
Call to undefined subcircuit sky130_fd_pr__nfet_01v8
Creating placeholder cell definition.
Call to undefined subcircuit sky130_fd_pr__special_nfet_01v8
Creating placeholder cell definition.
Warning:  A case-insensitive file has been read and so the	verilog file must be treated case-insensitive to match.
Warning:  Cell sky130_fd_sc_hd__fill_8 has no pins
Creating placeholder cell definition for module sky130_fd_sc_hd__fill_8.
Warning:  Cell sky130_fd_sc_hd__fill_1 has no pins
Creating placeholder cell definition for module sky130_fd_sc_hd__fill_1.
Warning:  Cell sky130_fd_sc_hd__fill_4 has no pins
Creating placeholder cell definition for module sky130_fd_sc_hd__fill_4.
Warning:  Cell sky130_fd_sc_hd__fill_8 has no pins
Warning:  Cell sky130_fd_sc_hd__fill_4 has no pins
Warning:  Cell sky130_fd_sc_hd__fill_2 has no pins
Creating placeholder cell definition for module sky130_fd_sc_hd__fill_2.
Warning:  Cell sky130_fd_sc_hd__fill_1 has no pins
Warning:  Cell sky130_fd_sc_hd__fill_8 has no pins
Warning:  Cell sky130_fd_sc_hd__fill_2 has no pins
Warning:  Cell sky130_fd_sc_hd__fill_4 has no pins
Warning:  Cell sky130_fd_sc_hd__fill_2 has no pins
Warning:  Cell sky130_fd_sc_hd__fill_2 has no pins
Warning:  Cell sky130_fd_sc_hd__fill_8 has no pins
Warning:  Cell sky130_fd_sc_hd__fill_2 has no pins
Warning:  Cell sky130_fd_sc_hd__fill_2 has no pins
Warning:  Cell sky130_fd_sc_hd__fill_1 has no pins
Warning:  Cell sky130_fd_sc_hd__fill_8 has no pins
Warning:  Cell sky130_fd_sc_hd__fill_2 has no pins
Warning:  Cell sky130_fd_sc_hd__fill_1 has no pins
Warning:  Cell sky130_fd_sc_hd__fill_2 has no pins
Warning:  Cell sky130_fd_sc_hd__fill_1 has no pins
Warning:  Cell sky130_fd_sc_hd__fill_8 has no pins
Warning:  Cell sky130_fd_sc_hd__fill_8 has no pins
Warning:  Cell sky130_fd_sc_hd__fill_2 has no pins
Warning:  Cell sky130_fd_sc_hd__fill_1 has no pins
Warning:  Cell sky130_fd_sc_hd__fill_2 has no pins
Warning:  Cell sky130_fd_sc_hd__fill_2 has no pins
Warning:  Cell sky130_fd_sc_hd__fill_4 has no pins
Warning:  Cell sky130_fd_sc_hd__fill_2 has no pins
Warning:  Cell sky130_fd_sc_hd__fill_8 has no pins
Warning:  Cell sky130_fd_sc_hd__fill_4 has no pins
Warning:  Cell sky130_fd_sc_hd__fill_1 has no pins
Warning:  Cell sky130_fd_sc_hd__fill_1 has no pins
Warning:  Cell sky130_fd_sc_hd__fill_8 has no pins
Warning:  Cell sky130_fd_sc_hd__fill_8 has no pins
Warning:  Cell sky130_fd_sc_hd__fill_2 has no pins
Warning:  Cell sky130_fd_sc_hd__fill_1 has no pins
Warning:  Cell sky130_fd_sc_hd__fill_2 has no pins
Warning:  Cell sky130_fd_sc_hd__fill_1 has no pins
Warning:  Cell sky130_fd_sc_hd__fill_8 has no pins
Warning:  Cell sky130_fd_sc_hd__fill_2 has no pins
Warning:  Cell sky130_fd_sc_hd__fill_1 has no pins
Warning:  Cell sky130_fd_sc_hd__fill_2 has no pins
Warning:  Cell sky130_fd_sc_hd__fill_1 has no pins
Warning:  Cell sky130_fd_sc_hd__fill_1 has no pins
Warning:  Cell sky130_fd_sc_hd__fill_2 has no pins
Warning:  Cell sky130_fd_sc_hd__fill_1 has no pins
Warning:  Cell sky130_fd_sc_hd__fill_8 has no pins
Warning:  Cell sky130_fd_sc_hd__fill_4 has no pins
Warning:  Cell sky130_fd_sc_hd__fill_2 has no pins
Warning:  Cell sky130_fd_sc_hd__fill_4 has no pins
Warning:  Cell sky130_fd_sc_hd__fill_2 has no pins
Warning:  Cell sky130_fd_sc_hd__fill_8 has no pins
Warning:  Cell sky130_fd_sc_hd__fill_8 has no pins
Warning:  Cell sky130_fd_sc_hd__fill_1 has no pins
Warning:  Cell sky130_fd_sc_hd__fill_8 has no pins
Warning:  Cell sky130_fd_sc_hd__fill_1 has no pins
Warning:  Cell sky130_fd_sc_hd__fill_4 has no pins
Warning:  Cell sky130_fd_sc_hd__fill_4 has no pins
Warning:  Cell sky130_fd_sc_hd__fill_1 has no pins
Warning:  Cell sky130_fd_sc_hd__fill_8 has no pins
Warning:  Cell sky130_fd_sc_hd__fill_8 has no pins
Warning:  Cell sky130_fd_sc_hd__fill_4 has no pins
Warning:  Cell sky130_fd_sc_hd__fill_4 has no pins
Warning:  Cell sky130_fd_sc_hd__fill_4 has no pins
Warning:  Cell sky130_fd_sc_hd__fill_2 has no pins
Warning:  Cell sky130_fd_sc_hd__fill_8 has no pins
Warning:  Cell sky130_fd_sc_hd__fill_1 has no pins
Warning:  Cell sky130_fd_sc_hd__fill_2 has no pins
Warning:  Cell sky130_fd_sc_hd__fill_8 has no pins
Warning:  Cell sky130_fd_sc_hd__fill_1 has no pins
Warning:  Cell sky130_fd_sc_hd__fill_8 has no pins
Warning:  Cell sky130_fd_sc_hd__fill_8 has no pins
Warning:  Cell sky130_fd_sc_hd__fill_4 has no pins
Warning:  Cell sky130_fd_sc_hd__fill_2 has no pins
Warning:  Cell sky130_fd_sc_hd__fill_1 has no pins
Warning:  Cell sky130_fd_sc_hd__fill_1 has no pins
Warning:  Cell sky130_fd_sc_hd__fill_8 has no pins
Warning:  Cell sky130_fd_sc_hd__fill_2 has no pins
Warning:  Cell sky130_fd_sc_hd__fill_2 has no pins
Warning:  Cell sky130_fd_sc_hd__fill_1 has no pins
Warning:  Cell sky130_fd_sc_hd__fill_2 has no pins
Warning:  Cell sky130_fd_sc_hd__fill_4 has no pins
Warning:  Cell sky130_fd_sc_hd__fill_2 has no pins
Warning:  Cell sky130_fd_sc_hd__fill_1 has no pins
Warning:  Cell sky130_fd_sc_hd__fill_4 has no pins
Warning:  Cell sky130_fd_sc_hd__fill_4 has no pins
Warning:  Cell sky130_fd_sc_hd__fill_2 has no pins
Warning:  Cell sky130_fd_sc_hd__fill_2 has no pins
Warning:  Cell sky130_fd_sc_hd__fill_1 has no pins
Warning:  Cell sky130_fd_sc_hd__fill_2 has no pins
Warning:  Cell sky130_fd_sc_hd__fill_1 has no pins
Warning:  Cell sky130_fd_sc_hd__fill_2 has no pins
Warning:  Cell sky130_fd_sc_hd__fill_2 has no pins
Warning:  Cell sky130_fd_sc_hd__fill_1 has no pins
Warning:  Cell sky130_fd_sc_hd__fill_2 has no pins
Warning:  Cell sky130_fd_sc_hd__fill_1 has no pins
Warning:  Cell sky130_fd_sc_hd__fill_8 has no pins
Warning:  Cell sky130_fd_sc_hd__fill_8 has no pins
Warning:  Cell sky130_fd_sc_hd__fill_4 has no pins
Warning:  Cell sky130_fd_sc_hd__fill_1 has no pins
Warning:  Cell sky130_fd_sc_hd__fill_1 has no pins
Warning:  Cell sky130_fd_sc_hd__fill_1 has no pins
Warning:  Cell sky130_fd_sc_hd__fill_4 has no pins
Warning:  Cell sky130_fd_sc_hd__fill_2 has no pins
Warning:  Cell sky130_fd_sc_hd__fill_1 has no pins
Warning:  Cell sky130_fd_sc_hd__fill_8 has no pins
Warning:  Cell sky130_fd_sc_hd__fill_4 has no pins
Warning:  Cell sky130_fd_sc_hd__fill_2 has no pins
Warning:  Cell sky130_fd_sc_hd__fill_1 has no pins
Warning:  Cell sky130_fd_sc_hd__fill_4 has no pins
Warning:  Cell sky130_fd_sc_hd__fill_4 has no pins
Warning:  Cell sky130_fd_sc_hd__fill_1 has no pins
Warning:  Cell sky130_fd_sc_hd__fill_1 has no pins
Warning:  Cell sky130_fd_sc_hd__fill_2 has no pins
Warning:  Cell sky130_fd_sc_hd__fill_4 has no pins
Warning:  Cell sky130_fd_sc_hd__fill_1 has no pins
Warning:  Cell sky130_fd_sc_hd__fill_4 has no pins
Warning:  Cell sky130_fd_sc_hd__fill_8 has no pins
Warning:  Cell sky130_fd_sc_hd__fill_4 has no pins
Warning:  Cell sky130_fd_sc_hd__fill_4 has no pins
Warning:  Cell sky130_fd_sc_hd__fill_4 has no pins
Warning:  Cell sky130_fd_sc_hd__fill_8 has no pins
Warning:  Cell sky130_fd_sc_hd__fill_2 has no pins
Warning:  Cell sky130_fd_sc_hd__fill_8 has no pins
Warning:  Cell sky130_fd_sc_hd__fill_1 has no pins
Warning:  Cell sky130_fd_sc_hd__fill_1 has no pins
Warning:  Cell sky130_fd_sc_hd__fill_4 has no pins
Warning:  Cell sky130_fd_sc_hd__fill_8 has no pins
Warning:  Cell sky130_fd_sc_hd__fill_1 has no pins
Warning:  Cell sky130_fd_sc_hd__fill_4 has no pins
Warning:  Cell sky130_fd_sc_hd__fill_2 has no pins
Warning:  Cell sky130_fd_sc_hd__fill_1 has no pins
Warning:  Cell sky130_fd_sc_hd__fill_8 has no pins
Warning:  Cell sky130_fd_sc_hd__fill_1 has no pins
Warning:  Cell sky130_fd_sc_hd__fill_2 has no pins
Warning:  Cell sky130_fd_sc_hd__fill_8 has no pins
Warning:  Cell sky130_fd_sc_hd__fill_1 has no pins
Warning:  Cell sky130_fd_sc_hd__fill_2 has no pins
Warning:  Cell sky130_fd_sc_hd__fill_1 has no pins
Warning:  Cell sky130_fd_sc_hd__fill_4 has no pins
Warning:  Cell sky130_fd_sc_hd__fill_2 has no pins
Warning:  Cell sky130_fd_sc_hd__fill_8 has no pins
Warning:  Cell sky130_fd_sc_hd__fill_1 has no pins
Warning:  Cell sky130_fd_sc_hd__fill_1 has no pins
Warning:  Cell sky130_fd_sc_hd__fill_4 has no pins
Warning:  Cell sky130_fd_sc_hd__fill_1 has no pins
Warning:  Cell sky130_fd_sc_hd__fill_4 has no pins
Warning:  Cell sky130_fd_sc_hd__fill_4 has no pins
Warning:  Cell sky130_fd_sc_hd__fill_1 has no pins
Warning:  Cell sky130_fd_sc_hd__fill_2 has no pins
Warning:  Cell sky130_fd_sc_hd__fill_4 has no pins
Warning:  Cell sky130_fd_sc_hd__fill_8 has no pins
Warning:  Cell sky130_fd_sc_hd__fill_8 has no pins
Warning:  Cell sky130_fd_sc_hd__fill_1 has no pins
Warning:  Cell sky130_fd_sc_hd__fill_2 has no pins
Warning:  Cell sky130_fd_sc_hd__fill_1 has no pins
Warning:  Cell sky130_fd_sc_hd__fill_8 has no pins
Warning:  Cell sky130_fd_sc_hd__fill_2 has no pins
Warning:  Cell sky130_fd_sc_hd__fill_1 has no pins
Warning:  Cell sky130_fd_sc_hd__fill_1 has no pins
Warning:  Cell sky130_fd_sc_hd__fill_1 has no pins
Warning:  Cell sky130_fd_sc_hd__fill_1 has no pins
Warning:  Cell sky130_fd_sc_hd__fill_2 has no pins
Warning:  Cell sky130_fd_sc_hd__fill_4 has no pins
Warning:  Cell sky130_fd_sc_hd__fill_1 has no pins
Warning:  Cell sky130_fd_sc_hd__fill_2 has no pins
Warning:  Cell sky130_fd_sc_hd__fill_1 has no pins
Warning:  Cell sky130_fd_sc_hd__fill_2 has no pins
Warning:  Cell sky130_fd_sc_hd__fill_1 has no pins
Warning:  Cell sky130_fd_sc_hd__fill_2 has no pins
Warning:  Cell sky130_fd_sc_hd__fill_1 has no pins
Warning:  Cell sky130_fd_sc_hd__fill_2 has no pins
Warning:  Cell sky130_fd_sc_hd__fill_8 has no pins
Warning:  Cell sky130_fd_sc_hd__fill_2 has no pins
Warning:  Cell sky130_fd_sc_hd__fill_8 has no pins
Warning:  Cell sky130_fd_sc_hd__fill_1 has no pins
Warning:  Cell sky130_fd_sc_hd__fill_8 has no pins
Warning:  Cell sky130_fd_sc_hd__fill_4 has no pins
Warning:  Cell sky130_fd_sc_hd__fill_1 has no pins
Warning:  Cell sky130_fd_sc_hd__fill_1 has no pins
Warning:  Cell sky130_fd_sc_hd__fill_2 has no pins
Warning:  Cell sky130_fd_sc_hd__fill_1 has no pins
Warning:  Cell sky130_fd_sc_hd__fill_1 has no pins
Warning:  Cell sky130_fd_sc_hd__fill_2 has no pins
Warning:  Cell sky130_fd_sc_hd__fill_1 has no pins
Warning:  Cell sky130_fd_sc_hd__fill_8 has no pins
Warning:  Cell sky130_fd_sc_hd__fill_1 has no pins
Warning:  Cell sky130_fd_sc_hd__fill_4 has no pins
Warning:  Cell sky130_fd_sc_hd__fill_1 has no pins
Warning:  Cell sky130_fd_sc_hd__fill_8 has no pins
Warning:  Cell sky130_fd_sc_hd__fill_8 has no pins
Warning:  Cell sky130_fd_sc_hd__fill_4 has no pins
Warning:  Cell sky130_fd_sc_hd__fill_2 has no pins
Warning:  Cell sky130_fd_sc_hd__fill_1 has no pins
Warning:  Cell sky130_fd_sc_hd__fill_2 has no pins
Warning:  Cell sky130_fd_sc_hd__fill_1 has no pins
Warning:  Cell sky130_fd_sc_hd__fill_1 has no pins
Warning:  Cell sky130_fd_sc_hd__fill_4 has no pins
Warning:  Cell sky130_fd_sc_hd__fill_1 has no pins
Warning:  Cell sky130_fd_sc_hd__fill_8 has no pins
Warning:  Cell sky130_fd_sc_hd__fill_4 has no pins
Warning:  Cell sky130_fd_sc_hd__fill_2 has no pins
Warning:  Cell sky130_fd_sc_hd__fill_2 has no pins
Warning:  Cell sky130_fd_sc_hd__fill_1 has no pins
Warning:  Cell sky130_fd_sc_hd__fill_1 has no pins
Warning:  Cell sky130_fd_sc_hd__fill_2 has no pins
Warning:  Cell sky130_fd_sc_hd__fill_1 has no pins
Warning:  Cell sky130_fd_sc_hd__fill_2 has no pins
Warning:  Cell sky130_fd_sc_hd__fill_4 has no pins
Warning:  Cell sky130_fd_sc_hd__fill_2 has no pins
Warning:  Cell sky130_fd_sc_hd__fill_2 has no pins
Warning:  Cell sky130_fd_sc_hd__fill_8 has no pins
Warning:  Cell sky130_fd_sc_hd__fill_4 has no pins
Warning:  Cell sky130_fd_sc_hd__fill_2 has no pins
Warning:  Cell sky130_fd_sc_hd__fill_1 has no pins
Warning:  Cell sky130_fd_sc_hd__fill_4 has no pins
Warning:  Cell sky130_fd_sc_hd__fill_8 has no pins
Warning:  Cell sky130_fd_sc_hd__fill_2 has no pins
Warning:  Cell sky130_fd_sc_hd__fill_1 has no pins
Warning:  Cell sky130_fd_sc_hd__fill_1 has no pins
Warning:  Cell sky130_fd_sc_hd__fill_8 has no pins
Warning:  Cell sky130_fd_sc_hd__fill_4 has no pins
Warning:  Cell sky130_fd_sc_hd__fill_1 has no pins
Warning:  Cell sky130_fd_sc_hd__fill_8 has no pins
Warning:  Cell sky130_fd_sc_hd__fill_8 has no pins
Warning:  Cell sky130_fd_sc_hd__fill_2 has no pins
Warning:  Cell sky130_fd_sc_hd__fill_2 has no pins
Warning:  Cell sky130_fd_sc_hd__fill_8 has no pins
Warning:  Cell sky130_fd_sc_hd__fill_4 has no pins
Warning:  Cell sky130_fd_sc_hd__fill_1 has no pins
Warning:  Cell sky130_fd_sc_hd__fill_4 has no pins
Warning:  Cell sky130_fd_sc_hd__fill_2 has no pins
Warning:  Cell sky130_fd_sc_hd__fill_1 has no pins
Warning:  Cell sky130_fd_sc_hd__fill_2 has no pins
Warning:  Cell sky130_fd_sc_hd__fill_2 has no pins
Warning:  Cell sky130_fd_sc_hd__fill_1 has no pins
Warning:  Cell sky130_fd_sc_hd__fill_1 has no pins
Warning:  Cell sky130_fd_sc_hd__fill_2 has no pins
Warning:  Cell sky130_fd_sc_hd__fill_4 has no pins
Warning:  Cell sky130_fd_sc_hd__fill_8 has no pins
Warning:  Cell sky130_fd_sc_hd__fill_2 has no pins
Warning:  Cell sky130_fd_sc_hd__fill_1 has no pins
Warning:  Cell sky130_fd_sc_hd__fill_8 has no pins
Warning:  Cell sky130_fd_sc_hd__fill_8 has no pins
Warning:  Cell sky130_fd_sc_hd__fill_4 has no pins
Warning:  Cell sky130_fd_sc_hd__fill_1 has no pins
Warning:  Cell sky130_fd_sc_hd__fill_1 has no pins
Warning:  Cell sky130_fd_sc_hd__fill_8 has no pins
Warning:  Cell sky130_fd_sc_hd__fill_1 has no pins
Warning:  Cell sky130_fd_sc_hd__fill_2 has no pins
Warning:  Cell sky130_fd_sc_hd__fill_8 has no pins
Warning:  Cell sky130_fd_sc_hd__fill_4 has no pins
Warning:  Cell sky130_fd_sc_hd__fill_1 has no pins
Warning:  Cell sky130_fd_sc_hd__fill_8 has no pins
Warning:  Cell sky130_fd_sc_hd__fill_8 has no pins
Warning:  Cell sky130_fd_sc_hd__tapvpwrvgnd_1 has no pins
Creating placeholder cell definition for module sky130_fd_sc_hd__tapvpwrvgnd_1.
Warning:  Cell sky130_fd_sc_hd__tapvpwrvgnd_1 has no pins
Warning:  Cell sky130_fd_sc_hd__tapvpwrvgnd_1 has no pins
Warning:  Cell sky130_fd_sc_hd__tapvpwrvgnd_1 has no pins
Warning:  Cell sky130_fd_sc_hd__tapvpwrvgnd_1 has no pins
Warning:  Cell sky130_fd_sc_hd__tapvpwrvgnd_1 has no pins
Warning:  Cell sky130_fd_sc_hd__tapvpwrvgnd_1 has no pins
Warning:  Cell sky130_fd_sc_hd__tapvpwrvgnd_1 has no pins
Warning:  Cell sky130_fd_sc_hd__tapvpwrvgnd_1 has no pins
Warning:  Cell sky130_fd_sc_hd__tapvpwrvgnd_1 has no pins
Warning:  Cell sky130_fd_sc_hd__tapvpwrvgnd_1 has no pins
Warning:  Cell sky130_fd_sc_hd__tapvpwrvgnd_1 has no pins
Warning:  Cell sky130_fd_sc_hd__tapvpwrvgnd_1 has no pins
Warning:  Cell sky130_fd_sc_hd__tapvpwrvgnd_1 has no pins
Warning:  Cell sky130_fd_sc_hd__tapvpwrvgnd_1 has no pins
Warning:  Cell sky130_fd_sc_hd__tapvpwrvgnd_1 has no pins
Warning:  Cell sky130_fd_sc_hd__tapvpwrvgnd_1 has no pins
Warning:  Cell sky130_fd_sc_hd__tapvpwrvgnd_1 has no pins
Warning:  Cell sky130_fd_sc_hd__tapvpwrvgnd_1 has no pins
Warning:  Cell sky130_fd_sc_hd__tapvpwrvgnd_1 has no pins
Warning:  Cell sky130_fd_sc_hd__tapvpwrvgnd_1 has no pins
Warning:  Cell sky130_fd_sc_hd__tapvpwrvgnd_1 has no pins
Warning:  Cell sky130_fd_sc_hd__tapvpwrvgnd_1 has no pins
Warning:  Cell sky130_fd_sc_hd__tapvpwrvgnd_1 has no pins
Warning:  Cell sky130_fd_sc_hd__tapvpwrvgnd_1 has no pins
Warning:  Cell sky130_fd_sc_hd__tapvpwrvgnd_1 has no pins
Warning:  Cell sky130_fd_sc_hd__tapvpwrvgnd_1 has no pins
Warning:  Cell sky130_fd_sc_hd__tapvpwrvgnd_1 has no pins
Warning:  Cell sky130_fd_sc_hd__tapvpwrvgnd_1 has no pins
Warning:  Cell sky130_fd_sc_hd__tapvpwrvgnd_1 has no pins
Creating placeholder cell definition for module sky130_fd_sc_hd__clkinv_1.
Creating placeholder cell definition for module sky130_fd_sc_hd__nor2_1.
Creating placeholder cell definition for module sky130_fd_sc_hd__nor3b_1.
Creating placeholder cell definition for module sky130_fd_sc_hd__nand2_1.
Creating placeholder cell definition for module sky130_fd_sc_hd__mux2_1.
Creating placeholder cell definition for module sky130_fd_sc_hd__mux4_2.
Creating placeholder cell definition for module sky130_fd_sc_hd__nor3_1.
Creating placeholder cell definition for module sky130_fd_sc_hd__nor4b_1.
Creating placeholder cell definition for module sky130_fd_sc_hd__a21oi_1.
Creating placeholder cell definition for module sky130_fd_sc_hd__or4_1.
Creating placeholder cell definition for module sky130_fd_sc_hd__a31oi_1.
Creating placeholder cell definition for module sky130_fd_sc_hd__a221o_1.
Creating placeholder cell definition for module sky130_fd_sc_hd__lpflow_isobufsrc_1.
Creating placeholder cell definition for module sky130_fd_sc_hd__lpflow_inputiso1p_1.
Creating placeholder cell definition for module sky130_fd_sc_hd__o21ai_0.
Creating placeholder cell definition for module sky130_fd_sc_hd__and4_1.
Creating placeholder cell definition for module sky130_fd_sc_hd__nand4_1.
Creating placeholder cell definition for module sky130_fd_sc_hd__a22oi_1.
Creating placeholder cell definition for module sky130_fd_sc_hd__a211oi_1.
Creating placeholder cell definition for module sky130_fd_sc_hd__a41oi_1.
Creating placeholder cell definition for module sky130_fd_sc_hd__or3_1.
Creating placeholder cell definition for module sky130_fd_sc_hd__nand4b_1.
Creating placeholder cell definition for module sky130_fd_sc_hd__nor4_1.
Creating placeholder cell definition for module sky130_fd_sc_hd__nand3_1.
Creating placeholder cell definition for module sky130_fd_sc_hd__o31ai_1.
Creating placeholder cell definition for module sky130_fd_sc_hd__and2_0.
Creating placeholder cell definition for module sky130_fd_sc_hd__mux2i_1.
Creating placeholder cell definition for module sky130_fd_sc_hd__xor2_1.
Creating placeholder cell definition for module sky130_fd_sc_hd__o41ai_1.
Creating placeholder cell definition for module sky130_fd_sc_hd__dfxtp_1.
Creating placeholder cell definition for module sky130_fd_sc_hd__clkbuf_4.
Creating placeholder cell definition for module sky130_fd_sc_hd__clkbuf_1.
Creating placeholder cell definition for module sky130_fd_sc_hd__clkbuf_8.
Call to undefined subcircuit sky130_fd_pr__pfet_01v8_hvt
Creating placeholder cell definition.
Call to undefined subcircuit sky130_fd_pr__nfet_01v8
Creating placeholder cell definition.
Verilog placeholder sky130_fd_sc_hd__a21oi_1 replaced by SPICE definition

Subcircuit pins:
Circuit 1: _PLACEHOLDER_                   |Circuit 2: sky130_fd_sc_hd__a21oi_1        
-------------------------------------------|-------------------------------------------
A1                                         |A1                                         
A2                                         |A2                                         
B1                                         |B1                                         
Y                                          |Y                                          
VGND                                       |(no matching pin)                          
VNB                                        |(no matching pin)                          
VPB                                        |(no matching pin)                          
VPWR                                       |(no matching pin)                          
---------------------------------------------------------------------------------------
Verilog placeholder sky130_fd_sc_hd__a22oi_1 replaced by SPICE definition

Subcircuit pins:
Circuit 1: _PLACEHOLDER_                   |Circuit 2: sky130_fd_sc_hd__a22oi_1        
-------------------------------------------|-------------------------------------------
A1                                         |A1                                         
A2                                         |A2                                         
B1                                         |B1                                         
B2                                         |B2                                         
Y                                          |Y                                          
VGND                                       |(no matching pin)                          
VNB                                        |(no matching pin)                          
VPB                                        |(no matching pin)                          
VPWR                                       |(no matching pin)                          
---------------------------------------------------------------------------------------
Verilog placeholder sky130_fd_sc_hd__a31oi_1 replaced by SPICE definition

Subcircuit pins:
Circuit 1: _PLACEHOLDER_                   |Circuit 2: sky130_fd_sc_hd__a31oi_1        
-------------------------------------------|-------------------------------------------
A1                                         |A1                                         
A2                                         |A2                                         
A3                                         |A3                                         
B1                                         |B1                                         
Y                                          |Y                                          
VGND                                       |(no matching pin)                          
VNB                                        |(no matching pin)                          
VPB                                        |(no matching pin)                          
VPWR                                       |(no matching pin)                          
---------------------------------------------------------------------------------------
Verilog placeholder sky130_fd_sc_hd__a41oi_1 replaced by SPICE definition

Subcircuit pins:
Circuit 1: _PLACEHOLDER_                   |Circuit 2: sky130_fd_sc_hd__a41oi_1        
-------------------------------------------|-------------------------------------------
A1                                         |A1                                         
A2                                         |A2                                         
A3                                         |A3                                         
A4                                         |A4                                         
B1                                         |B1                                         
Y                                          |Y                                          
VGND                                       |(no matching pin)                          
VNB                                        |(no matching pin)                          
VPB                                        |(no matching pin)                          
VPWR                                       |(no matching pin)                          
---------------------------------------------------------------------------------------
Verilog placeholder sky130_fd_sc_hd__a211oi_1 replaced by SPICE definition

Subcircuit pins:
Circuit 1: _PLACEHOLDER_                   |Circuit 2: sky130_fd_sc_hd__a211oi_1       
-------------------------------------------|-------------------------------------------
A1                                         |A1                                         
A2                                         |A2                                         
B1                                         |B1                                         
C1                                         |C1                                         
Y                                          |Y                                          
VGND                                       |(no matching pin)                          
VNB                                        |(no matching pin)                          
VPB                                        |(no matching pin)                          
VPWR                                       |(no matching pin)                          
---------------------------------------------------------------------------------------
Verilog placeholder sky130_fd_sc_hd__a221o_1 replaced by SPICE definition

Subcircuit pins:
Circuit 1: _PLACEHOLDER_                   |Circuit 2: sky130_fd_sc_hd__a221o_1        
-------------------------------------------|-------------------------------------------
A1                                         |A1                                         
A2                                         |A2                                         
B1                                         |B1                                         
B2                                         |B2                                         
C1                                         |C1                                         
X                                          |X                                          
VGND                                       |(no matching pin)                          
VNB                                        |(no matching pin)                          
VPB                                        |(no matching pin)                          
VPWR                                       |(no matching pin)                          
---------------------------------------------------------------------------------------
Verilog placeholder sky130_fd_sc_hd__and2_0 replaced by SPICE definition

Subcircuit pins:
Circuit 1: _PLACEHOLDER_                   |Circuit 2: sky130_fd_sc_hd__and2_0         
-------------------------------------------|-------------------------------------------
A                                          |A                                          
B                                          |B                                          
X                                          |X                                          
VGND                                       |(no matching pin)                          
VNB                                        |(no matching pin)                          
VPB                                        |(no matching pin)                          
VPWR                                       |(no matching pin)                          
---------------------------------------------------------------------------------------
Verilog placeholder sky130_fd_sc_hd__and4_1 replaced by SPICE definition

Subcircuit pins:
Circuit 1: _PLACEHOLDER_                   |Circuit 2: sky130_fd_sc_hd__and4_1         
-------------------------------------------|-------------------------------------------
A                                          |A                                          
B                                          |B                                          
C                                          |C                                          
D                                          |D                                          
X                                          |X                                          
VGND                                       |(no matching pin)                          
VNB                                        |(no matching pin)                          
VPB                                        |(no matching pin)                          
VPWR                                       |(no matching pin)                          
---------------------------------------------------------------------------------------
Verilog placeholder sky130_fd_sc_hd__clkbuf_1 replaced by SPICE definition

Subcircuit pins:
Circuit 1: _PLACEHOLDER_                   |Circuit 2: sky130_fd_sc_hd__clkbuf_1       
-------------------------------------------|-------------------------------------------
A                                          |A                                          
VGND                                       |(no matching pin)                          
VNB                                        |(no matching pin)                          
VPB                                        |(no matching pin)                          
VPWR                                       |(no matching pin)                          
X                                          |(no matching pin)                          
---------------------------------------------------------------------------------------
Verilog placeholder sky130_fd_sc_hd__clkbuf_4 replaced by SPICE definition

Subcircuit pins:
Circuit 1: _PLACEHOLDER_                   |Circuit 2: sky130_fd_sc_hd__clkbuf_4       
-------------------------------------------|-------------------------------------------
A                                          |A                                          
X                                          |X                                          
VGND                                       |(no matching pin)                          
VNB                                        |(no matching pin)                          
VPB                                        |(no matching pin)                          
VPWR                                       |(no matching pin)                          
---------------------------------------------------------------------------------------
Verilog placeholder sky130_fd_sc_hd__clkbuf_8 replaced by SPICE definition

Subcircuit pins:
Circuit 1: _PLACEHOLDER_                   |Circuit 2: sky130_fd_sc_hd__clkbuf_8       
-------------------------------------------|-------------------------------------------
A                                          |A                                          
VGND                                       |(no matching pin)                          
VNB                                        |(no matching pin)                          
VPB                                        |(no matching pin)                          
VPWR                                       |(no matching pin)                          
X                                          |(no matching pin)                          
---------------------------------------------------------------------------------------
Verilog placeholder sky130_fd_sc_hd__clkinv_1 replaced by SPICE definition

Subcircuit pins:
Circuit 1: _PLACEHOLDER_                   |Circuit 2: sky130_fd_sc_hd__clkinv_1       
-------------------------------------------|-------------------------------------------
A                                          |A                                          
Y                                          |Y                                          
VGND                                       |(no matching pin)                          
VNB                                        |(no matching pin)                          
VPB                                        |(no matching pin)                          
VPWR                                       |(no matching pin)                          
---------------------------------------------------------------------------------------
Call to undefined subcircuit sky130_fd_pr__res_generic_po
Creating placeholder cell definition.
Call to undefined subcircuit sky130_fd_pr__special_nfet_01v8
Creating placeholder cell definition.
Verilog placeholder sky130_fd_sc_hd__dfxtp_1 replaced by SPICE definition

Subcircuit pins:
Circuit 1: _PLACEHOLDER_                   |Circuit 2: sky130_fd_sc_hd__dfxtp_1        
-------------------------------------------|-------------------------------------------
CLK                                        |CLK                                        
D                                          |D                                          
Q                                          |Q                                          
VGND                                       |(no matching pin)                          
VNB                                        |(no matching pin)                          
VPB                                        |(no matching pin)                          
VPWR                                       |(no matching pin)                          
---------------------------------------------------------------------------------------
Call to undefined subcircuit sky130_fd_pr__diode_pw2nd_05v5
Creating placeholder cell definition.
Call to undefined subcircuit sky130_fd_pr__special_pfet_01v8_hvt
Creating placeholder cell definition.
Verilog placeholder sky130_fd_sc_hd__fill_1 replaced by SPICE definition

Subcircuit pins:
Circuit 1: _PLACEHOLDER_                   |Circuit 2: sky130_fd_sc_hd__fill_1         
-------------------------------------------|-------------------------------------------
(no matching pin)                          |(no pins)                                  
VGND                                       |(no matching pin)                          
VNB                                        |(no matching pin)                          
VPB                                        |(no matching pin)                          
VPWR                                       |(no matching pin)                          
---------------------------------------------------------------------------------------
Verilog placeholder sky130_fd_sc_hd__fill_2 replaced by SPICE definition

Subcircuit pins:
Circuit 1: _PLACEHOLDER_                   |Circuit 2: sky130_fd_sc_hd__fill_2         
-------------------------------------------|-------------------------------------------
(no matching pin)                          |(no pins)                                  
VGND                                       |(no matching pin)                          
VNB                                        |(no matching pin)                          
VPB                                        |(no matching pin)                          
VPWR                                       |(no matching pin)                          
---------------------------------------------------------------------------------------
Verilog placeholder sky130_fd_sc_hd__fill_4 replaced by SPICE definition

Subcircuit pins:
Circuit 1: _PLACEHOLDER_                   |Circuit 2: sky130_fd_sc_hd__fill_4         
-------------------------------------------|-------------------------------------------
(no matching pin)                          |(no pins)                                  
VGND                                       |(no matching pin)                          
VNB                                        |(no matching pin)                          
VPB                                        |(no matching pin)                          
VPWR                                       |(no matching pin)                          
---------------------------------------------------------------------------------------
Verilog placeholder sky130_fd_sc_hd__fill_8 replaced by SPICE definition

Subcircuit pins:
Circuit 1: _PLACEHOLDER_                   |Circuit 2: sky130_fd_sc_hd__fill_8         
-------------------------------------------|-------------------------------------------
(no matching pin)                          |(no pins)                                  
VGND                                       |(no matching pin)                          
VNB                                        |(no matching pin)                          
VPB                                        |(no matching pin)                          
VPWR                                       |(no matching pin)                          
---------------------------------------------------------------------------------------
Verilog placeholder sky130_fd_sc_hd__lpflow_inputiso1p_1 replaced by SPICE definition

Subcircuit pins:
Circuit 1: _PLACEHOLDER_                   |Circuit 2: sky130_fd_sc_hd__lpflow_inputis 
-------------------------------------------|-------------------------------------------
A                                          |A                                          
SLEEP                                      |SLEEP                                      
X                                          |X                                          
VGND                                       |(no matching pin)                          
VNB                                        |(no matching pin)                          
VPB                                        |(no matching pin)                          
VPWR                                       |(no matching pin)                          
---------------------------------------------------------------------------------------
Verilog placeholder sky130_fd_sc_hd__lpflow_isobufsrc_1 replaced by SPICE definition

Subcircuit pins:
Circuit 1: _PLACEHOLDER_                   |Circuit 2: sky130_fd_sc_hd__lpflow_isobufs 
-------------------------------------------|-------------------------------------------
A                                          |A                                          
SLEEP                                      |SLEEP                                      
X                                          |X                                          
VGND                                       |(no matching pin)                          
VNB                                        |(no matching pin)                          
VPB                                        |(no matching pin)                          
VPWR                                       |(no matching pin)                          
---------------------------------------------------------------------------------------
Call to undefined subcircuit sky130_fd_sc_hd__nand2_2
Creating placeholder cell definition.
Call to undefined subcircuit sky130_fd_sc_hd__nor2_2
Creating placeholder cell definition.
Verilog placeholder sky130_fd_sc_hd__mux2_1 replaced by SPICE definition

Subcircuit pins:
Circuit 1: _PLACEHOLDER_                   |Circuit 2: sky130_fd_sc_hd__mux2_1         
-------------------------------------------|-------------------------------------------
A0                                         |A0                                         
A1                                         |A1                                         
S                                          |S                                          
X                                          |X                                          
VGND                                       |(no matching pin)                          
VNB                                        |(no matching pin)                          
VPB                                        |(no matching pin)                          
VPWR                                       |(no matching pin)                          
---------------------------------------------------------------------------------------
Verilog placeholder sky130_fd_sc_hd__mux2i_1 replaced by SPICE definition

Subcircuit pins:
Circuit 1: _PLACEHOLDER_                   |Circuit 2: sky130_fd_sc_hd__mux2i_1        
-------------------------------------------|-------------------------------------------
A0                                         |A0                                         
A1                                         |A1                                         
S                                          |S                                          
Y                                          |Y                                          
VGND                                       |(no matching pin)                          
VNB                                        |(no matching pin)                          
VPB                                        |(no matching pin)                          
VPWR                                       |(no matching pin)                          
---------------------------------------------------------------------------------------
Verilog placeholder sky130_fd_sc_hd__mux4_2 replaced by SPICE definition

Subcircuit pins:
Circuit 1: _PLACEHOLDER_                   |Circuit 2: sky130_fd_sc_hd__mux4_2         
-------------------------------------------|-------------------------------------------
A0                                         |A0                                         
A1                                         |A1                                         
A2                                         |A2                                         
A3                                         |A3                                         
S0                                         |S0                                         
S1                                         |S1                                         
X                                          |X                                          
VGND                                       |(no matching pin)                          
VNB                                        |(no matching pin)                          
VPB                                        |(no matching pin)                          
VPWR                                       |(no matching pin)                          
---------------------------------------------------------------------------------------
Verilog placeholder sky130_fd_sc_hd__nand2_1 replaced by SPICE definition

Subcircuit pins:
Circuit 1: _PLACEHOLDER_                   |Circuit 2: sky130_fd_sc_hd__nand2_1        
-------------------------------------------|-------------------------------------------
A                                          |A                                          
B                                          |B                                          
Y                                          |Y                                          
VGND                                       |(no matching pin)                          
VNB                                        |(no matching pin)                          
VPB                                        |(no matching pin)                          
VPWR                                       |(no matching pin)                          
---------------------------------------------------------------------------------------
Verilog placeholder sky130_fd_sc_hd__nand3_1 replaced by SPICE definition

Subcircuit pins:
Circuit 1: _PLACEHOLDER_                   |Circuit 2: sky130_fd_sc_hd__nand3_1        
-------------------------------------------|-------------------------------------------
A                                          |A                                          
B                                          |B                                          
C                                          |C                                          
Y                                          |Y                                          
VGND                                       |(no matching pin)                          
VNB                                        |(no matching pin)                          
VPB                                        |(no matching pin)                          
VPWR                                       |(no matching pin)                          
---------------------------------------------------------------------------------------
Verilog placeholder sky130_fd_sc_hd__nand4_1 replaced by SPICE definition

Subcircuit pins:
Circuit 1: _PLACEHOLDER_                   |Circuit 2: sky130_fd_sc_hd__nand4_1        
-------------------------------------------|-------------------------------------------
A                                          |A                                          
B                                          |B                                          
C                                          |C                                          
D                                          |D                                          
Y                                          |Y                                          
VGND                                       |(no matching pin)                          
VNB                                        |(no matching pin)                          
VPB                                        |(no matching pin)                          
VPWR                                       |(no matching pin)                          
---------------------------------------------------------------------------------------
Verilog placeholder sky130_fd_sc_hd__nand4b_1 replaced by SPICE definition

Subcircuit pins:
Circuit 1: _PLACEHOLDER_                   |Circuit 2: sky130_fd_sc_hd__nand4b_1       
-------------------------------------------|-------------------------------------------
A_N                                        |A_N                                        
B                                          |B                                          
C                                          |C                                          
D                                          |D                                          
Y                                          |Y                                          
VGND                                       |(no matching pin)                          
VNB                                        |(no matching pin)                          
VPB                                        |(no matching pin)                          
VPWR                                       |(no matching pin)                          
---------------------------------------------------------------------------------------
Verilog placeholder sky130_fd_sc_hd__nor2_1 replaced by SPICE definition

Subcircuit pins:
Circuit 1: _PLACEHOLDER_                   |Circuit 2: sky130_fd_sc_hd__nor2_1         
-------------------------------------------|-------------------------------------------
A                                          |A                                          
B                                          |B                                          
Y                                          |Y                                          
VGND                                       |(no matching pin)                          
VNB                                        |(no matching pin)                          
VPB                                        |(no matching pin)                          
VPWR                                       |(no matching pin)                          
---------------------------------------------------------------------------------------
Verilog placeholder sky130_fd_sc_hd__nor3_1 replaced by SPICE definition

Subcircuit pins:
Circuit 1: _PLACEHOLDER_                   |Circuit 2: sky130_fd_sc_hd__nor3_1         
-------------------------------------------|-------------------------------------------
A                                          |A                                          
B                                          |B                                          
C                                          |C                                          
Y                                          |Y                                          
VGND                                       |(no matching pin)                          
VNB                                        |(no matching pin)                          
VPB                                        |(no matching pin)                          
VPWR                                       |(no matching pin)                          
---------------------------------------------------------------------------------------
Verilog placeholder sky130_fd_sc_hd__nor3b_1 replaced by SPICE definition

Subcircuit pins:
Circuit 1: _PLACEHOLDER_                   |Circuit 2: sky130_fd_sc_hd__nor3b_1        
-------------------------------------------|-------------------------------------------
A                                          |A                                          
B                                          |B                                          
C_N                                        |C_N                                        
Y                                          |Y                                          
VGND                                       |(no matching pin)                          
VNB                                        |(no matching pin)                          
VPB                                        |(no matching pin)                          
VPWR                                       |(no matching pin)                          
---------------------------------------------------------------------------------------
Verilog placeholder sky130_fd_sc_hd__nor4_1 replaced by SPICE definition

Subcircuit pins:
Circuit 1: _PLACEHOLDER_                   |Circuit 2: sky130_fd_sc_hd__nor4_1         
-------------------------------------------|-------------------------------------------
A                                          |A                                          
B                                          |B                                          
C                                          |C                                          
D                                          |D                                          
Y                                          |Y                                          
VGND                                       |(no matching pin)                          
VNB                                        |(no matching pin)                          
VPB                                        |(no matching pin)                          
VPWR                                       |(no matching pin)                          
---------------------------------------------------------------------------------------
Verilog placeholder sky130_fd_sc_hd__nor4b_1 replaced by SPICE definition

Subcircuit pins:
Circuit 1: _PLACEHOLDER_                   |Circuit 2: sky130_fd_sc_hd__nor4b_1        
-------------------------------------------|-------------------------------------------
A                                          |A                                          
B                                          |B                                          
C                                          |C                                          
D_N                                        |D_N                                        
Y                                          |Y                                          
VGND                                       |(no matching pin)                          
VNB                                        |(no matching pin)                          
VPB                                        |(no matching pin)                          
VPWR                                       |(no matching pin)                          
---------------------------------------------------------------------------------------
Verilog placeholder sky130_fd_sc_hd__o21ai_0 replaced by SPICE definition

Subcircuit pins:
Circuit 1: _PLACEHOLDER_                   |Circuit 2: sky130_fd_sc_hd__o21ai_0        
-------------------------------------------|-------------------------------------------
A1                                         |A1                                         
A2                                         |A2                                         
B1                                         |B1                                         
Y                                          |Y                                          
VGND                                       |(no matching pin)                          
VNB                                        |(no matching pin)                          
VPB                                        |(no matching pin)                          
VPWR                                       |(no matching pin)                          
---------------------------------------------------------------------------------------
Verilog placeholder sky130_fd_sc_hd__o31ai_1 replaced by SPICE definition

Subcircuit pins:
Circuit 1: _PLACEHOLDER_                   |Circuit 2: sky130_fd_sc_hd__o31ai_1        
-------------------------------------------|-------------------------------------------
A1                                         |A1                                         
A2                                         |A2                                         
A3                                         |A3                                         
B1                                         |B1                                         
Y                                          |Y                                          
VGND                                       |(no matching pin)                          
VNB                                        |(no matching pin)                          
VPB                                        |(no matching pin)                          
VPWR                                       |(no matching pin)                          
---------------------------------------------------------------------------------------
Verilog placeholder sky130_fd_sc_hd__o41ai_1 replaced by SPICE definition

Subcircuit pins:
Circuit 1: _PLACEHOLDER_                   |Circuit 2: sky130_fd_sc_hd__o41ai_1        
-------------------------------------------|-------------------------------------------
A1                                         |A1                                         
A2                                         |A2                                         
A3                                         |A3                                         
A4                                         |A4                                         
B1                                         |B1                                         
Y                                          |Y                                          
VGND                                       |(no matching pin)                          
VNB                                        |(no matching pin)                          
VPB                                        |(no matching pin)                          
VPWR                                       |(no matching pin)                          
---------------------------------------------------------------------------------------
Verilog placeholder sky130_fd_sc_hd__or3_1 replaced by SPICE definition

Subcircuit pins:
Circuit 1: _PLACEHOLDER_                   |Circuit 2: sky130_fd_sc_hd__or3_1          
-------------------------------------------|-------------------------------------------
A                                          |A                                          
B                                          |B                                          
C                                          |C                                          
X                                          |X                                          
VGND                                       |(no matching pin)                          
VNB                                        |(no matching pin)                          
VPB                                        |(no matching pin)                          
VPWR                                       |(no matching pin)                          
---------------------------------------------------------------------------------------
Verilog placeholder sky130_fd_sc_hd__or4_1 replaced by SPICE definition

Subcircuit pins:
Circuit 1: _PLACEHOLDER_                   |Circuit 2: sky130_fd_sc_hd__or4_1          
-------------------------------------------|-------------------------------------------
A                                          |A                                          
B                                          |B                                          
C                                          |C                                          
D                                          |D                                          
X                                          |X                                          
VGND                                       |(no matching pin)                          
VNB                                        |(no matching pin)                          
VPB                                        |(no matching pin)                          
VPWR                                       |(no matching pin)                          
---------------------------------------------------------------------------------------
Verilog placeholder sky130_fd_sc_hd__tapvpwrvgnd_1 replaced by SPICE definition

Subcircuit pins:
Circuit 1: _PLACEHOLDER_                   |Circuit 2: sky130_fd_sc_hd__tapvpwrvgnd_1  
-------------------------------------------|-------------------------------------------
(no matching pin)                          |(no pins)                                  
VGND                                       |(no matching pin)                          
VPWR                                       |(no matching pin)                          
---------------------------------------------------------------------------------------
Verilog placeholder sky130_fd_sc_hd__xor2_1 replaced by SPICE definition

Subcircuit pins:
Circuit 1: _PLACEHOLDER_                   |Circuit 2: sky130_fd_sc_hd__xor2_1         
-------------------------------------------|-------------------------------------------
A                                          |A                                          
B                                          |B                                          
X                                          |X                                          
VGND                                       |(no matching pin)                          
VNB                                        |(no matching pin)                          
VPB                                        |(no matching pin)                          
VPWR                                       |(no matching pin)                          
---------------------------------------------------------------------------------------

Reading setup file /home/daksh/pdk/sky130A/libs.tech/netgen/setup.tcl

Model sky130_fd_pr__res_generic_po pin 1 == 2
No property value found for device sky130_fd_pr__res_generic_po
No property mult found for device sky130_fd_pr__res_generic_po
Model sky130_fd_pr__nfet_01v8 pin 1 == 3
No property mult found for device sky130_fd_pr__nfet_01v8
No property sa found for device sky130_fd_pr__nfet_01v8
No property sb found for device sky130_fd_pr__nfet_01v8
No property sd found for device sky130_fd_pr__nfet_01v8
No property nf found for device sky130_fd_pr__nfet_01v8
No property nrd found for device sky130_fd_pr__nfet_01v8
No property nrs found for device sky130_fd_pr__nfet_01v8
No property area found for device sky130_fd_pr__nfet_01v8
No property perim found for device sky130_fd_pr__nfet_01v8
No property topography found for device sky130_fd_pr__nfet_01v8
Model sky130_fd_pr__nfet_01v8 pin 1 == 3
No property as found for device sky130_fd_pr__nfet_01v8
No property ad found for device sky130_fd_pr__nfet_01v8
No property ps found for device sky130_fd_pr__nfet_01v8
No property pd found for device sky130_fd_pr__nfet_01v8
No property mult found for device sky130_fd_pr__nfet_01v8
No property sa found for device sky130_fd_pr__nfet_01v8
No property sb found for device sky130_fd_pr__nfet_01v8
No property sd found for device sky130_fd_pr__nfet_01v8
No property nf found for device sky130_fd_pr__nfet_01v8
No property nrd found for device sky130_fd_pr__nfet_01v8
No property nrs found for device sky130_fd_pr__nfet_01v8
No property area found for device sky130_fd_pr__nfet_01v8
No property perim found for device sky130_fd_pr__nfet_01v8
No property topography found for device sky130_fd_pr__nfet_01v8
Model sky130_fd_pr__pfet_01v8_hvt pin 1 == 3
No property mult found for device sky130_fd_pr__pfet_01v8_hvt
No property sa found for device sky130_fd_pr__pfet_01v8_hvt
No property sb found for device sky130_fd_pr__pfet_01v8_hvt
No property sd found for device sky130_fd_pr__pfet_01v8_hvt
No property nf found for device sky130_fd_pr__pfet_01v8_hvt
No property nrd found for device sky130_fd_pr__pfet_01v8_hvt
No property nrs found for device sky130_fd_pr__pfet_01v8_hvt
No property area found for device sky130_fd_pr__pfet_01v8_hvt
No property perim found for device sky130_fd_pr__pfet_01v8_hvt
No property topography found for device sky130_fd_pr__pfet_01v8_hvt
Model sky130_fd_pr__pfet_01v8_hvt pin 1 == 3
No property as found for device sky130_fd_pr__pfet_01v8_hvt
No property ad found for device sky130_fd_pr__pfet_01v8_hvt
No property ps found for device sky130_fd_pr__pfet_01v8_hvt
No property pd found for device sky130_fd_pr__pfet_01v8_hvt
No property mult found for device sky130_fd_pr__pfet_01v8_hvt
No property sa found for device sky130_fd_pr__pfet_01v8_hvt
No property sb found for device sky130_fd_pr__pfet_01v8_hvt
No property sd found for device sky130_fd_pr__pfet_01v8_hvt
No property nf found for device sky130_fd_pr__pfet_01v8_hvt
No property nrd found for device sky130_fd_pr__pfet_01v8_hvt
No property nrs found for device sky130_fd_pr__pfet_01v8_hvt
No property area found for device sky130_fd_pr__pfet_01v8_hvt
No property perim found for device sky130_fd_pr__pfet_01v8_hvt
No property topography found for device sky130_fd_pr__pfet_01v8_hvt
Model sky130_fd_pr__special_nfet_01v8 pin 1 == 3
No property mult found for device sky130_fd_pr__special_nfet_01v8
No property sa found for device sky130_fd_pr__special_nfet_01v8
No property sb found for device sky130_fd_pr__special_nfet_01v8
No property sd found for device sky130_fd_pr__special_nfet_01v8
No property nf found for device sky130_fd_pr__special_nfet_01v8
No property nrd found for device sky130_fd_pr__special_nfet_01v8
No property nrs found for device sky130_fd_pr__special_nfet_01v8
No property area found for device sky130_fd_pr__special_nfet_01v8
No property perim found for device sky130_fd_pr__special_nfet_01v8
No property topography found for device sky130_fd_pr__special_nfet_01v8
Model sky130_fd_pr__special_nfet_01v8 pin 1 == 3
No property as found for device sky130_fd_pr__special_nfet_01v8
No property ad found for device sky130_fd_pr__special_nfet_01v8
No property ps found for device sky130_fd_pr__special_nfet_01v8
No property pd found for device sky130_fd_pr__special_nfet_01v8
No property mult found for device sky130_fd_pr__special_nfet_01v8
No property sa found for device sky130_fd_pr__special_nfet_01v8
No property sb found for device sky130_fd_pr__special_nfet_01v8
No property sd found for device sky130_fd_pr__special_nfet_01v8
No property nf found for device sky130_fd_pr__special_nfet_01v8
No property nrd found for device sky130_fd_pr__special_nfet_01v8
No property nrs found for device sky130_fd_pr__special_nfet_01v8
No property area found for device sky130_fd_pr__special_nfet_01v8
No property perim found for device sky130_fd_pr__special_nfet_01v8
No property topography found for device sky130_fd_pr__special_nfet_01v8
Model sky130_fd_pr__special_pfet_01v8_hvt pin 1 == 3
No property as found for device sky130_fd_pr__special_pfet_01v8_hvt
No property ad found for device sky130_fd_pr__special_pfet_01v8_hvt
No property ps found for device sky130_fd_pr__special_pfet_01v8_hvt
No property pd found for device sky130_fd_pr__special_pfet_01v8_hvt
No property mult found for device sky130_fd_pr__special_pfet_01v8_hvt
No property sa found for device sky130_fd_pr__special_pfet_01v8_hvt
No property sb found for device sky130_fd_pr__special_pfet_01v8_hvt
No property sd found for device sky130_fd_pr__special_pfet_01v8_hvt
No property nf found for device sky130_fd_pr__special_pfet_01v8_hvt
No property nrd found for device sky130_fd_pr__special_pfet_01v8_hvt
No property nrs found for device sky130_fd_pr__special_pfet_01v8_hvt
No property area found for device sky130_fd_pr__special_pfet_01v8_hvt
No property perim found for device sky130_fd_pr__special_pfet_01v8_hvt
No property topography found for device sky130_fd_pr__special_pfet_01v8_hvt
No property value found for device sky130_fd_pr__diode_pw2nd_05v5
No property mult found for device sky130_fd_pr__diode_pw2nd_05v5
Comparison output logged to file uart_lvs.report
Logging to file "uart_lvs.report" enabled
Circuit sky130_fd_pr__pfet_01v8_hvt contains no devices.
Circuit sky130_fd_pr__nfet_01v8 contains no devices.
Circuit sky130_fd_pr__special_nfet_01v8 contains no devices.

Contents of circuit 1:  Circuit: 'sky130_fd_sc_hd__nor2_1'
Circuit sky130_fd_sc_hd__nor2_1 contains 4 device instances.
  Class: sky130_fd_pr__pfet_01v8_hvt instances:   2
  Class: sky130_fd_pr__nfet_01v8 instances:   2
Circuit contains 8 nets.
Contents of circuit 2:  Circuit: 'sky130_fd_sc_hd__nor2_1'
Circuit sky130_fd_sc_hd__nor2_1 contains 4 device instances.
  Class: sky130_fd_pr__pfet_01v8_hvt instances:   2
  Class: sky130_fd_pr__nfet_01v8 instances:   2
Circuit contains 8 nets.

Circuit 1 contains 4 devices, Circuit 2 contains 4 devices.
Circuit 1 contains 8 nets,    Circuit 2 contains 8 nets.


Contents of circuit 1:  Circuit: 'sky130_fd_sc_hd__a21oi_1'
Circuit sky130_fd_sc_hd__a21oi_1 contains 6 device instances.
  Class: sky130_fd_pr__pfet_01v8_hvt instances:   3
  Class: sky130_fd_pr__nfet_01v8 instances:   3
Circuit contains 10 nets.
Contents of circuit 2:  Circuit: 'sky130_fd_sc_hd__a21oi_1'
Circuit sky130_fd_sc_hd__a21oi_1 contains 6 device instances.
  Class: sky130_fd_pr__pfet_01v8_hvt instances:   3
  Class: sky130_fd_pr__nfet_01v8 instances:   3
Circuit contains 10 nets.

Circuit 1 contains 6 devices, Circuit 2 contains 6 devices.
Circuit 1 contains 10 nets,    Circuit 2 contains 10 nets.


Contents of circuit 1:  Circuit: 'sky130_fd_sc_hd__nand2_1'
Circuit sky130_fd_sc_hd__nand2_1 contains 4 device instances.
  Class: sky130_fd_pr__pfet_01v8_hvt instances:   2
  Class: sky130_fd_pr__nfet_01v8 instances:   2
Circuit contains 8 nets.
Contents of circuit 2:  Circuit: 'sky130_fd_sc_hd__nand2_1'
Circuit sky130_fd_sc_hd__nand2_1 contains 4 device instances.
  Class: sky130_fd_pr__pfet_01v8_hvt instances:   2
  Class: sky130_fd_pr__nfet_01v8 instances:   2
Circuit contains 8 nets.

Circuit 1 contains 4 devices, Circuit 2 contains 4 devices.
Circuit 1 contains 8 nets,    Circuit 2 contains 8 nets.


Contents of circuit 1:  Circuit: 'sky130_fd_sc_hd__dfxtp_1'
Circuit sky130_fd_sc_hd__dfxtp_1 contains 24 device instances.
  Class: sky130_fd_pr__pfet_01v8_hvt instances:  12
  Class: sky130_fd_pr__nfet_01v8 instances:   8
  Class: sky130_fd_pr__special_nfet_01v8 instances:   4
Circuit contains 18 nets.
Contents of circuit 2:  Circuit: 'sky130_fd_sc_hd__dfxtp_1'
Circuit sky130_fd_sc_hd__dfxtp_1 contains 24 device instances.
  Class: sky130_fd_pr__pfet_01v8_hvt instances:  12
  Class: sky130_fd_pr__nfet_01v8 instances:   8
  Class: sky130_fd_pr__special_nfet_01v8 instances:   4
Circuit contains 18 nets.

Circuit 1 contains 24 devices, Circuit 2 contains 24 devices.
Circuit 1 contains 18 nets,    Circuit 2 contains 18 nets.


Contents of circuit 1:  Circuit: 'sky130_fd_sc_hd__nor3_1'
Circuit sky130_fd_sc_hd__nor3_1 contains 6 device instances.
  Class: sky130_fd_pr__pfet_01v8_hvt instances:   3
  Class: sky130_fd_pr__nfet_01v8 instances:   3
Circuit contains 10 nets.
Contents of circuit 2:  Circuit: 'sky130_fd_sc_hd__nor3_1'
Circuit sky130_fd_sc_hd__nor3_1 contains 6 device instances.
  Class: sky130_fd_pr__pfet_01v8_hvt instances:   3
  Class: sky130_fd_pr__nfet_01v8 instances:   3
Circuit contains 10 nets.

Circuit 1 contains 6 devices, Circuit 2 contains 6 devices.
Circuit 1 contains 10 nets,    Circuit 2 contains 10 nets.


Contents of circuit 1:  Circuit: 'sky130_fd_sc_hd__a211oi_1'
Circuit sky130_fd_sc_hd__a211oi_1 contains 8 device instances.
  Class: sky130_fd_pr__pfet_01v8_hvt instances:   4
  Class: sky130_fd_pr__nfet_01v8 instances:   4
Circuit contains 12 nets.
Contents of circuit 2:  Circuit: 'sky130_fd_sc_hd__a211oi_1'
Circuit sky130_fd_sc_hd__a211oi_1 contains 8 device instances.
  Class: sky130_fd_pr__pfet_01v8_hvt instances:   4
  Class: sky130_fd_pr__nfet_01v8 instances:   4
Circuit contains 12 nets.

Circuit 1 contains 8 devices, Circuit 2 contains 8 devices.
Circuit 1 contains 12 nets,    Circuit 2 contains 12 nets.


Contents of circuit 1:  Circuit: 'sky130_fd_sc_hd__clkbuf_1'
Circuit sky130_fd_sc_hd__clkbuf_1 contains 4 device instances.
  Class: sky130_fd_pr__pfet_01v8_hvt instances:   2
  Class: sky130_fd_pr__nfet_01v8 instances:   2
Circuit contains 7 nets.
Contents of circuit 2:  Circuit: 'sky130_fd_sc_hd__clkbuf_1'
Circuit sky130_fd_sc_hd__clkbuf_1 contains 4 device instances.
  Class: sky130_fd_pr__pfet_01v8_hvt instances:   2
  Class: sky130_fd_pr__nfet_01v8 instances:   2
Circuit contains 7 nets.

Circuit 1 contains 4 devices, Circuit 2 contains 4 devices.
Circuit 1 contains 7 nets,    Circuit 2 contains 7 nets.


Contents of circuit 1:  Circuit: 'sky130_fd_sc_hd__clkbuf_8'
Circuit sky130_fd_sc_hd__clkbuf_8 contains 20 device instances.
  Class: sky130_fd_pr__pfet_01v8_hvt instances:  10
  Class: sky130_fd_pr__nfet_01v8 instances:  10
Circuit contains 7 nets.
Contents of circuit 2:  Circuit: 'sky130_fd_sc_hd__clkbuf_8'
Circuit sky130_fd_sc_hd__clkbuf_8 contains 20 device instances.
  Class: sky130_fd_pr__pfet_01v8_hvt instances:  10
  Class: sky130_fd_pr__nfet_01v8 instances:  10
Circuit contains 7 nets.

Circuit was modified by parallel/series device merging.
New circuit summary:

Contents of circuit 1:  Circuit: 'sky130_fd_sc_hd__clkbuf_8'
Circuit sky130_fd_sc_hd__clkbuf_8 contains 4 device instances.
  Class: sky130_fd_pr__pfet_01v8_hvt instances:   2
  Class: sky130_fd_pr__nfet_01v8 instances:   2
Circuit contains 7 nets.
Contents of circuit 2:  Circuit: 'sky130_fd_sc_hd__clkbuf_8'
Circuit sky130_fd_sc_hd__clkbuf_8 contains 4 device instances.
  Class: sky130_fd_pr__pfet_01v8_hvt instances:   2
  Class: sky130_fd_pr__nfet_01v8 instances:   2
Circuit contains 7 nets.

Circuit 1 contains 4 devices, Circuit 2 contains 4 devices.
Circuit 1 contains 7 nets,    Circuit 2 contains 7 nets.


Contents of circuit 1:  Circuit: 'sky130_fd_sc_hd__and4_1'
Circuit sky130_fd_sc_hd__and4_1 contains 10 device instances.
  Class: sky130_fd_pr__pfet_01v8_hvt instances:   5
  Class: sky130_fd_pr__nfet_01v8 instances:   5
Circuit contains 13 nets.
Contents of circuit 2:  Circuit: 'sky130_fd_sc_hd__and4_1'
Circuit sky130_fd_sc_hd__and4_1 contains 10 device instances.
  Class: sky130_fd_pr__pfet_01v8_hvt instances:   5
  Class: sky130_fd_pr__nfet_01v8 instances:   5
Circuit contains 13 nets.

Circuit 1 contains 10 devices, Circuit 2 contains 10 devices.
Circuit 1 contains 13 nets,    Circuit 2 contains 13 nets.


Contents of circuit 1:  Circuit: 'sky130_fd_sc_hd__a22oi_1'
Circuit sky130_fd_sc_hd__a22oi_1 contains 8 device instances.
  Class: sky130_fd_pr__pfet_01v8_hvt instances:   4
  Class: sky130_fd_pr__nfet_01v8 instances:   4
Circuit contains 12 nets.
Contents of circuit 2:  Circuit: 'sky130_fd_sc_hd__a22oi_1'
Circuit sky130_fd_sc_hd__a22oi_1 contains 8 device instances.
  Class: sky130_fd_pr__pfet_01v8_hvt instances:   4
  Class: sky130_fd_pr__nfet_01v8 instances:   4
Circuit contains 12 nets.

Circuit 1 contains 8 devices, Circuit 2 contains 8 devices.
Circuit 1 contains 12 nets,    Circuit 2 contains 12 nets.


Contents of circuit 1:  Circuit: 'sky130_fd_sc_hd__clkbuf_4'
Circuit sky130_fd_sc_hd__clkbuf_4 contains 10 device instances.
  Class: sky130_fd_pr__pfet_01v8_hvt instances:   5
  Class: sky130_fd_pr__nfet_01v8 instances:   5
Circuit contains 7 nets.
Contents of circuit 2:  Circuit: 'sky130_fd_sc_hd__clkbuf_4'
Circuit sky130_fd_sc_hd__clkbuf_4 contains 10 device instances.
  Class: sky130_fd_pr__pfet_01v8_hvt instances:   5
  Class: sky130_fd_pr__nfet_01v8 instances:   5
Circuit contains 7 nets.

Circuit was modified by parallel/series device merging.
New circuit summary:

Contents of circuit 1:  Circuit: 'sky130_fd_sc_hd__clkbuf_4'
Circuit sky130_fd_sc_hd__clkbuf_4 contains 4 device instances.
  Class: sky130_fd_pr__pfet_01v8_hvt instances:   2
  Class: sky130_fd_pr__nfet_01v8 instances:   2
Circuit contains 7 nets.
Contents of circuit 2:  Circuit: 'sky130_fd_sc_hd__clkbuf_4'
Circuit sky130_fd_sc_hd__clkbuf_4 contains 4 device instances.
  Class: sky130_fd_pr__pfet_01v8_hvt instances:   2
  Class: sky130_fd_pr__nfet_01v8 instances:   2
Circuit contains 7 nets.

Circuit 1 contains 4 devices, Circuit 2 contains 4 devices.
Circuit 1 contains 7 nets,    Circuit 2 contains 7 nets.


Contents of circuit 1:  Circuit: 'sky130_fd_sc_hd__a31oi_1'
Circuit sky130_fd_sc_hd__a31oi_1 contains 8 device instances.
  Class: sky130_fd_pr__pfet_01v8_hvt instances:   4
  Class: sky130_fd_pr__nfet_01v8 instances:   4
Circuit contains 12 nets.
Contents of circuit 2:  Circuit: 'sky130_fd_sc_hd__a31oi_1'
Circuit sky130_fd_sc_hd__a31oi_1 contains 8 device instances.
  Class: sky130_fd_pr__pfet_01v8_hvt instances:   4
  Class: sky130_fd_pr__nfet_01v8 instances:   4
Circuit contains 12 nets.

Circuit 1 contains 8 devices, Circuit 2 contains 8 devices.
Circuit 1 contains 12 nets,    Circuit 2 contains 12 nets.


Contents of circuit 1:  Circuit: 'sky130_fd_sc_hd__nand3_1'
Circuit sky130_fd_sc_hd__nand3_1 contains 6 device instances.
  Class: sky130_fd_pr__pfet_01v8_hvt instances:   3
  Class: sky130_fd_pr__nfet_01v8 instances:   3
Circuit contains 10 nets.
Contents of circuit 2:  Circuit: 'sky130_fd_sc_hd__nand3_1'
Circuit sky130_fd_sc_hd__nand3_1 contains 6 device instances.
  Class: sky130_fd_pr__pfet_01v8_hvt instances:   3
  Class: sky130_fd_pr__nfet_01v8 instances:   3
Circuit contains 10 nets.

Circuit 1 contains 6 devices, Circuit 2 contains 6 devices.
Circuit 1 contains 10 nets,    Circuit 2 contains 10 nets.


Contents of circuit 1:  Circuit: 'sky130_fd_sc_hd__or4_1'
Circuit sky130_fd_sc_hd__or4_1 contains 10 device instances.
  Class: sky130_fd_pr__pfet_01v8_hvt instances:   5
  Class: sky130_fd_pr__nfet_01v8 instances:   5
Circuit contains 13 nets.
Contents of circuit 2:  Circuit: 'sky130_fd_sc_hd__or4_1'
Circuit sky130_fd_sc_hd__or4_1 contains 10 device instances.
  Class: sky130_fd_pr__pfet_01v8_hvt instances:   5
  Class: sky130_fd_pr__nfet_01v8 instances:   5
Circuit contains 13 nets.

Circuit 1 contains 10 devices, Circuit 2 contains 10 devices.
Circuit 1 contains 13 nets,    Circuit 2 contains 13 nets.


Contents of circuit 1:  Circuit: 'sky130_fd_sc_hd__nor4_1'
Circuit sky130_fd_sc_hd__nor4_1 contains 8 device instances.
  Class: sky130_fd_pr__pfet_01v8_hvt instances:   4
  Class: sky130_fd_pr__nfet_01v8 instances:   4
Circuit contains 12 nets.
Contents of circuit 2:  Circuit: 'sky130_fd_sc_hd__nor4_1'
Circuit sky130_fd_sc_hd__nor4_1 contains 8 device instances.
  Class: sky130_fd_pr__pfet_01v8_hvt instances:   4
  Class: sky130_fd_pr__nfet_01v8 instances:   4
Circuit contains 12 nets.

Circuit 1 contains 8 devices, Circuit 2 contains 8 devices.
Circuit 1 contains 12 nets,    Circuit 2 contains 12 nets.


Contents of circuit 1:  Circuit: 'sky130_fd_sc_hd__nand4_1'
Circuit sky130_fd_sc_hd__nand4_1 contains 8 device instances.
  Class: sky130_fd_pr__pfet_01v8_hvt instances:   4
  Class: sky130_fd_pr__nfet_01v8 instances:   4
Circuit contains 12 nets.
Contents of circuit 2:  Circuit: 'sky130_fd_sc_hd__nand4_1'
Circuit sky130_fd_sc_hd__nand4_1 contains 8 device instances.
  Class: sky130_fd_pr__pfet_01v8_hvt instances:   4
  Class: sky130_fd_pr__nfet_01v8 instances:   4
Circuit contains 12 nets.

Circuit 1 contains 8 devices, Circuit 2 contains 8 devices.
Circuit 1 contains 12 nets,    Circuit 2 contains 12 nets.


Contents of circuit 1:  Circuit: 'sky130_fd_sc_hd__xor2_1'
Circuit sky130_fd_sc_hd__xor2_1 contains 10 device instances.
  Class: sky130_fd_pr__pfet_01v8_hvt instances:   5
  Class: sky130_fd_pr__nfet_01v8 instances:   5
Circuit contains 11 nets.
Contents of circuit 2:  Circuit: 'sky130_fd_sc_hd__xor2_1'
Circuit sky130_fd_sc_hd__xor2_1 contains 10 device instances.
  Class: sky130_fd_pr__pfet_01v8_hvt instances:   5
  Class: sky130_fd_pr__nfet_01v8 instances:   5
Circuit contains 11 nets.

Circuit 1 contains 10 devices, Circuit 2 contains 10 devices.
Circuit 1 contains 11 nets,    Circuit 2 contains 11 nets.


Contents of circuit 1:  Circuit: 'sky130_fd_sc_hd__nor3b_1'
Circuit sky130_fd_sc_hd__nor3b_1 contains 8 device instances.
  Class: sky130_fd_pr__pfet_01v8_hvt instances:   4
  Class: sky130_fd_pr__nfet_01v8 instances:   4
Circuit contains 11 nets.
Contents of circuit 2:  Circuit: 'sky130_fd_sc_hd__nor3b_1'
Circuit sky130_fd_sc_hd__nor3b_1 contains 8 device instances.
  Class: sky130_fd_pr__pfet_01v8_hvt instances:   4
  Class: sky130_fd_pr__nfet_01v8 instances:   4
Circuit contains 11 nets.

Circuit 1 contains 8 devices, Circuit 2 contains 8 devices.
Circuit 1 contains 11 nets,    Circuit 2 contains 11 nets.


Contents of circuit 1:  Circuit: 'sky130_fd_sc_hd__o21ai_0'
Circuit sky130_fd_sc_hd__o21ai_0 contains 6 device instances.
  Class: sky130_fd_pr__pfet_01v8_hvt instances:   3
  Class: sky130_fd_pr__nfet_01v8 instances:   3
Circuit contains 10 nets.
Contents of circuit 2:  Circuit: 'sky130_fd_sc_hd__o21ai_0'
Circuit sky130_fd_sc_hd__o21ai_0 contains 6 device instances.
  Class: sky130_fd_pr__pfet_01v8_hvt instances:   3
  Class: sky130_fd_pr__nfet_01v8 instances:   3
Circuit contains 10 nets.

Circuit 1 contains 6 devices, Circuit 2 contains 6 devices.
Circuit 1 contains 10 nets,    Circuit 2 contains 10 nets.


Contents of circuit 1:  Circuit: 'sky130_fd_sc_hd__mux2i_1'
Circuit sky130_fd_sc_hd__mux2i_1 contains 10 device instances.
  Class: sky130_fd_pr__pfet_01v8_hvt instances:   5
  Class: sky130_fd_pr__nfet_01v8 instances:   5
Circuit contains 13 nets.
Contents of circuit 2:  Circuit: 'sky130_fd_sc_hd__mux2i_1'
Circuit sky130_fd_sc_hd__mux2i_1 contains 10 device instances.
  Class: sky130_fd_pr__pfet_01v8_hvt instances:   5
  Class: sky130_fd_pr__nfet_01v8 instances:   5
Circuit contains 13 nets.

Circuit 1 contains 10 devices, Circuit 2 contains 10 devices.
Circuit 1 contains 13 nets,    Circuit 2 contains 13 nets.


Contents of circuit 1:  Circuit: 'sky130_fd_sc_hd__nor4b_1'
Circuit sky130_fd_sc_hd__nor4b_1 contains 10 device instances.
  Class: sky130_fd_pr__pfet_01v8_hvt instances:   5
  Class: sky130_fd_pr__nfet_01v8 instances:   5
Circuit contains 13 nets.
Contents of circuit 2:  Circuit: 'sky130_fd_sc_hd__nor4b_1'
Circuit sky130_fd_sc_hd__nor4b_1 contains 10 device instances.
  Class: sky130_fd_pr__pfet_01v8_hvt instances:   5
  Class: sky130_fd_pr__nfet_01v8 instances:   5
Circuit contains 13 nets.

Circuit 1 contains 10 devices, Circuit 2 contains 10 devices.
Circuit 1 contains 13 nets,    Circuit 2 contains 13 nets.


Contents of circuit 1:  Circuit: 'sky130_fd_sc_hd__clkinv_1'
Circuit sky130_fd_sc_hd__clkinv_1 contains 3 device instances.
  Class: sky130_fd_pr__pfet_01v8_hvt instances:   2
  Class: sky130_fd_pr__nfet_01v8 instances:   1
Circuit contains 6 nets.
Contents of circuit 2:  Circuit: 'sky130_fd_sc_hd__clkinv_1'
Circuit sky130_fd_sc_hd__clkinv_1 contains 3 device instances.
  Class: sky130_fd_pr__pfet_01v8_hvt instances:   2
  Class: sky130_fd_pr__nfet_01v8 instances:   1
Circuit contains 6 nets.

Circuit was modified by parallel/series device merging.
New circuit summary:

Contents of circuit 1:  Circuit: 'sky130_fd_sc_hd__clkinv_1'
Circuit sky130_fd_sc_hd__clkinv_1 contains 2 device instances.
  Class: sky130_fd_pr__pfet_01v8_hvt instances:   1
  Class: sky130_fd_pr__nfet_01v8 instances:   1
Circuit contains 6 nets.
Contents of circuit 2:  Circuit: 'sky130_fd_sc_hd__clkinv_1'
Circuit sky130_fd_sc_hd__clkinv_1 contains 2 device instances.
  Class: sky130_fd_pr__pfet_01v8_hvt instances:   1
  Class: sky130_fd_pr__nfet_01v8 instances:   1
Circuit contains 6 nets.

Circuit 1 contains 2 devices, Circuit 2 contains 2 devices.
Circuit 1 contains 6 nets,    Circuit 2 contains 6 nets.


Contents of circuit 1:  Circuit: 'sky130_fd_sc_hd__mux2_1'
Circuit sky130_fd_sc_hd__mux2_1 contains 12 device instances.
  Class: sky130_fd_pr__pfet_01v8_hvt instances:   6
  Class: sky130_fd_pr__nfet_01v8 instances:   6
Circuit contains 14 nets.
Contents of circuit 2:  Circuit: 'sky130_fd_sc_hd__mux2_1'
Circuit sky130_fd_sc_hd__mux2_1 contains 12 device instances.
  Class: sky130_fd_pr__pfet_01v8_hvt instances:   6
  Class: sky130_fd_pr__nfet_01v8 instances:   6
Circuit contains 14 nets.

Circuit 1 contains 12 devices, Circuit 2 contains 12 devices.
Circuit 1 contains 14 nets,    Circuit 2 contains 14 nets.


Contents of circuit 1:  Circuit: 'sky130_fd_sc_hd__nand4b_1'
Circuit sky130_fd_sc_hd__nand4b_1 contains 10 device instances.
  Class: sky130_fd_pr__pfet_01v8_hvt instances:   5
  Class: sky130_fd_pr__nfet_01v8 instances:   5
Circuit contains 13 nets.
Contents of circuit 2:  Circuit: 'sky130_fd_sc_hd__nand4b_1'
Circuit sky130_fd_sc_hd__nand4b_1 contains 10 device instances.
  Class: sky130_fd_pr__pfet_01v8_hvt instances:   5
  Class: sky130_fd_pr__nfet_01v8 instances:   5
Circuit contains 13 nets.

Circuit 1 contains 10 devices, Circuit 2 contains 10 devices.
Circuit 1 contains 13 nets,    Circuit 2 contains 13 nets.


Contents of circuit 1:  Circuit: 'sky130_fd_sc_hd__mux4_2'
Circuit sky130_fd_sc_hd__mux4_2 contains 28 device instances.
  Class: sky130_fd_pr__pfet_01v8_hvt instances:  14
  Class: sky130_fd_pr__nfet_01v8 instances:  10
  Class: sky130_fd_pr__special_nfet_01v8 instances:   4
Circuit contains 24 nets.
Contents of circuit 2:  Circuit: 'sky130_fd_sc_hd__mux4_2'
Circuit sky130_fd_sc_hd__mux4_2 contains 28 device instances.
  Class: sky130_fd_pr__pfet_01v8_hvt instances:  14
  Class: sky130_fd_pr__nfet_01v8 instances:  10
  Class: sky130_fd_pr__special_nfet_01v8 instances:   4
Circuit contains 24 nets.

Circuit was modified by parallel/series device merging.
New circuit summary:

Contents of circuit 1:  Circuit: 'sky130_fd_sc_hd__mux4_2'
Circuit sky130_fd_sc_hd__mux4_2 contains 26 device instances.
  Class: sky130_fd_pr__pfet_01v8_hvt instances:  13
  Class: sky130_fd_pr__nfet_01v8 instances:   9
  Class: sky130_fd_pr__special_nfet_01v8 instances:   4
Circuit contains 24 nets.
Contents of circuit 2:  Circuit: 'sky130_fd_sc_hd__mux4_2'
Circuit sky130_fd_sc_hd__mux4_2 contains 26 device instances.
  Class: sky130_fd_pr__pfet_01v8_hvt instances:  13
  Class: sky130_fd_pr__nfet_01v8 instances:   9
  Class: sky130_fd_pr__special_nfet_01v8 instances:   4
Circuit contains 24 nets.

Circuit 1 contains 26 devices, Circuit 2 contains 26 devices.
Circuit 1 contains 24 nets,    Circuit 2 contains 24 nets.


Contents of circuit 1:  Circuit: 'sky130_fd_sc_hd__and2_0'
Circuit sky130_fd_sc_hd__and2_0 contains 6 device instances.
  Class: sky130_fd_pr__pfet_01v8_hvt instances:   3
  Class: sky130_fd_pr__nfet_01v8 instances:   3
Circuit contains 9 nets.
Contents of circuit 2:  Circuit: 'sky130_fd_sc_hd__and2_0'
Circuit sky130_fd_sc_hd__and2_0 contains 6 device instances.
  Class: sky130_fd_pr__pfet_01v8_hvt instances:   3
  Class: sky130_fd_pr__nfet_01v8 instances:   3
Circuit contains 9 nets.

Circuit 1 contains 6 devices, Circuit 2 contains 6 devices.
Circuit 1 contains 9 nets,    Circuit 2 contains 9 nets.


Contents of circuit 1:  Circuit: 'sky130_fd_sc_hd__o41ai_1'
Circuit sky130_fd_sc_hd__o41ai_1 contains 10 device instances.
  Class: sky130_fd_pr__pfet_01v8_hvt instances:   5
  Class: sky130_fd_pr__nfet_01v8 instances:   5
Circuit contains 14 nets.
Contents of circuit 2:  Circuit: 'sky130_fd_sc_hd__o41ai_1'
Circuit sky130_fd_sc_hd__o41ai_1 contains 10 device instances.
  Class: sky130_fd_pr__pfet_01v8_hvt instances:   5
  Class: sky130_fd_pr__nfet_01v8 instances:   5
Circuit contains 14 nets.

Circuit 1 contains 10 devices, Circuit 2 contains 10 devices.
Circuit 1 contains 14 nets,    Circuit 2 contains 14 nets.


Contents of circuit 1:  Circuit: 'sky130_fd_sc_hd__o31ai_1'
Circuit sky130_fd_sc_hd__o31ai_1 contains 8 device instances.
  Class: sky130_fd_pr__pfet_01v8_hvt instances:   4
  Class: sky130_fd_pr__nfet_01v8 instances:   4
Circuit contains 12 nets.
Contents of circuit 2:  Circuit: 'sky130_fd_sc_hd__o31ai_1'
Circuit sky130_fd_sc_hd__o31ai_1 contains 8 device instances.
  Class: sky130_fd_pr__pfet_01v8_hvt instances:   4
  Class: sky130_fd_pr__nfet_01v8 instances:   4
Circuit contains 12 nets.

Circuit 1 contains 8 devices, Circuit 2 contains 8 devices.
Circuit 1 contains 12 nets,    Circuit 2 contains 12 nets.


Contents of circuit 1:  Circuit: 'sky130_fd_sc_hd__lpflow_inputiso1p_1'
Circuit sky130_fd_sc_hd__lpflow_inputiso1p_1 contains 6 device instances.
  Class: sky130_fd_pr__pfet_01v8_hvt instances:   3
  Class: sky130_fd_pr__nfet_01v8 instances:   3
Circuit contains 9 nets.
Contents of circuit 2:  Circuit: 'sky130_fd_sc_hd__lpflow_inputiso1p_1'
Circuit sky130_fd_sc_hd__lpflow_inputiso1p_1 contains 6 device instances.
  Class: sky130_fd_pr__pfet_01v8_hvt instances:   3
  Class: sky130_fd_pr__nfet_01v8 instances:   3
Circuit contains 9 nets.

Circuit 1 contains 6 devices, Circuit 2 contains 6 devices.
Circuit 1 contains 9 nets,    Circuit 2 contains 9 nets.


Contents of circuit 1:  Circuit: 'sky130_fd_sc_hd__or3_1'
Circuit sky130_fd_sc_hd__or3_1 contains 8 device instances.
  Class: sky130_fd_pr__pfet_01v8_hvt instances:   4
  Class: sky130_fd_pr__nfet_01v8 instances:   4
Circuit contains 11 nets.
Contents of circuit 2:  Circuit: 'sky130_fd_sc_hd__or3_1'
Circuit sky130_fd_sc_hd__or3_1 contains 8 device instances.
  Class: sky130_fd_pr__pfet_01v8_hvt instances:   4
  Class: sky130_fd_pr__nfet_01v8 instances:   4
Circuit contains 11 nets.

Circuit 1 contains 8 devices, Circuit 2 contains 8 devices.
Circuit 1 contains 11 nets,    Circuit 2 contains 11 nets.


Contents of circuit 1:  Circuit: 'sky130_fd_sc_hd__lpflow_isobufsrc_1'
Circuit sky130_fd_sc_hd__lpflow_isobufsrc_1 contains 6 device instances.
  Class: sky130_fd_pr__pfet_01v8_hvt instances:   3
  Class: sky130_fd_pr__nfet_01v8 instances:   3
Circuit contains 9 nets.
Contents of circuit 2:  Circuit: 'sky130_fd_sc_hd__lpflow_isobufsrc_1'
Circuit sky130_fd_sc_hd__lpflow_isobufsrc_1 contains 6 device instances.
  Class: sky130_fd_pr__pfet_01v8_hvt instances:   3
  Class: sky130_fd_pr__nfet_01v8 instances:   3
Circuit contains 9 nets.

Circuit 1 contains 6 devices, Circuit 2 contains 6 devices.
Circuit 1 contains 9 nets,    Circuit 2 contains 9 nets.


Contents of circuit 1:  Circuit: 'sky130_fd_sc_hd__a41oi_1'
Circuit sky130_fd_sc_hd__a41oi_1 contains 10 device instances.
  Class: sky130_fd_pr__pfet_01v8_hvt instances:   5
  Class: sky130_fd_pr__nfet_01v8 instances:   5
Circuit contains 14 nets.
Contents of circuit 2:  Circuit: 'sky130_fd_sc_hd__a41oi_1'
Circuit sky130_fd_sc_hd__a41oi_1 contains 10 device instances.
  Class: sky130_fd_pr__pfet_01v8_hvt instances:   5
  Class: sky130_fd_pr__nfet_01v8 instances:   5
Circuit contains 14 nets.

Circuit 1 contains 10 devices, Circuit 2 contains 10 devices.
Circuit 1 contains 14 nets,    Circuit 2 contains 14 nets.


Contents of circuit 1:  Circuit: 'sky130_fd_sc_hd__a221o_1'
Circuit sky130_fd_sc_hd__a221o_1 contains 12 device instances.
  Class: sky130_fd_pr__pfet_01v8_hvt instances:   6
  Class: sky130_fd_pr__nfet_01v8 instances:   6
Circuit contains 15 nets.
Contents of circuit 2:  Circuit: 'sky130_fd_sc_hd__a221o_1'
Circuit sky130_fd_sc_hd__a221o_1 contains 12 device instances.
  Class: sky130_fd_pr__pfet_01v8_hvt instances:   6
  Class: sky130_fd_pr__nfet_01v8 instances:   6
Circuit contains 15 nets.

Circuit 1 contains 12 devices, Circuit 2 contains 12 devices.
Circuit 1 contains 15 nets,    Circuit 2 contains 15 nets.


Contents of circuit 1:  Circuit: 'UART'
Circuit UART contains 161 device instances.
  Class: sky130_fd_sc_hd__xor2_1 instances:   1
  Class: sky130_fd_sc_hd__nor4b_1 instances:   2
  Class: sky130_fd_sc_hd__o41ai_1 instances:   1
  Class: sky130_fd_sc_hd__clkbuf_4 instances:   5
  Class: sky130_fd_sc_hd__a211oi_1 instances:   1
  Class: sky130_fd_sc_hd__lpflow_isobufsrc_1 instances:   1
  Class: sky130_fd_sc_hd__a221o_1 instances:   1
  Class: sky130_fd_sc_hd__nor2_1 instances:  18
  Class: sky130_fd_sc_hd__and2_0 instances:   1
  Class: sky130_fd_sc_hd__lpflow_inputiso1p_1 instances:   1
  Class: sky130_fd_sc_hd__mux2i_1 instances:   1
  Class: sky130_fd_sc_hd__mux4_2 instances:   2
  Class: sky130_fd_sc_hd__a21oi_1 instances:  21
  Class: sky130_fd_sc_hd__dfxtp_1 instances:  31
  Class: sky130_fd_sc_hd__a31oi_1 instances:  10
  Class: sky130_fd_sc_hd__o21ai_0 instances:   6
  Class: sky130_fd_sc_hd__o31ai_1 instances:   2
  Class: sky130_fd_sc_hd__a22oi_1 instances:   3
  Class: sky130_fd_sc_hd__clkbuf_8 instances:   2
  Class: sky130_fd_sc_hd__nor3b_1 instances:   2
  Class: sky130_fd_sc_hd__clkinv_1 instances:   6
  Class: sky130_fd_sc_hd__nand3_1 instances:   2
  Class: sky130_fd_sc_hd__or3_1 instances:   1
  Class: sky130_fd_sc_hd__nand4_1 instances:   3
  Class: sky130_fd_sc_hd__and4_1 instances:   1
  Class: sky130_fd_sc_hd__nor3_1 instances:  13
  Class: sky130_fd_sc_hd__or4_1 instances:   1
  Class: sky130_fd_sc_hd__mux2_1 instances:   9
  Class: sky130_fd_sc_hd__a41oi_1 instances:   2
  Class: sky130_fd_sc_hd__nor4_1 instances:   2
  Class: sky130_fd_sc_hd__nand2_1 instances:   7
  Class: sky130_fd_sc_hd__clkbuf_1 instances:   1
  Class: sky130_fd_sc_hd__nand4b_1 instances:   1
Circuit contains 174 nets.
Contents of circuit 2:  Circuit: 'UART'
Circuit UART contains 161 device instances.
  Class: sky130_fd_sc_hd__xor2_1 instances:   1
  Class: sky130_fd_sc_hd__nor4b_1 instances:   2
  Class: sky130_fd_sc_hd__o41ai_1 instances:   1
  Class: sky130_fd_sc_hd__clkbuf_4 instances:   5
  Class: sky130_fd_sc_hd__a211oi_1 instances:   1
  Class: sky130_fd_sc_hd__lpflow_isobufsrc_1 instances:   1
  Class: sky130_fd_sc_hd__a221o_1 instances:   1
  Class: sky130_fd_sc_hd__nor2_1 instances:  18
  Class: sky130_fd_sc_hd__and2_0 instances:   1
  Class: sky130_fd_sc_hd__lpflow_inputiso1p_1 instances:   1
  Class: sky130_fd_sc_hd__mux2i_1 instances:   1
  Class: sky130_fd_sc_hd__mux4_2 instances:   2
  Class: sky130_fd_sc_hd__a21oi_1 instances:  21
  Class: sky130_fd_sc_hd__dfxtp_1 instances:  31
  Class: sky130_fd_sc_hd__a31oi_1 instances:  10
  Class: sky130_fd_sc_hd__o21ai_0 instances:   6
  Class: sky130_fd_sc_hd__o31ai_1 instances:   2
  Class: sky130_fd_sc_hd__a22oi_1 instances:   3
  Class: sky130_fd_sc_hd__clkbuf_8 instances:   2
  Class: sky130_fd_sc_hd__nor3b_1 instances:   2
  Class: sky130_fd_sc_hd__clkinv_1 instances:   6
  Class: sky130_fd_sc_hd__nand3_1 instances:   2
  Class: sky130_fd_sc_hd__or3_1 instances:   1
  Class: sky130_fd_sc_hd__nand4_1 instances:   3
  Class: sky130_fd_sc_hd__and4_1 instances:   1
  Class: sky130_fd_sc_hd__nor3_1 instances:  13
  Class: sky130_fd_sc_hd__or4_1 instances:   1
  Class: sky130_fd_sc_hd__mux2_1 instances:   9
  Class: sky130_fd_sc_hd__a41oi_1 instances:   2
  Class: sky130_fd_sc_hd__nor4_1 instances:   2
  Class: sky130_fd_sc_hd__nand2_1 instances:   7
  Class: sky130_fd_sc_hd__clkbuf_1 instances:   1
  Class: sky130_fd_sc_hd__nand4b_1 instances:   1
Circuit contains 816 nets.

Circuit 1 contains 161 devices, Circuit 2 contains 161 devices.
Circuit 1 contains 174 nets,    Circuit 2 contains 816 nets. *** MISMATCH ***


Final result: 
Netlists do not match.
Port matching may fail to disambiguate symmetries.
Logging to file "uart_lvs.report" disabled
LVS Done.
